#! /mingw64/bin/vvp
:ivl_version "12.0 (stable)";
:ivl_delay_selection "TYPICAL";
:vpi_time_precision - 12;
:vpi_module "C:\msys64\mingw64\lib\ivl\system.vpi";
:vpi_module "C:\msys64\mingw64\lib\ivl\vhdl_sys.vpi";
:vpi_module "C:\msys64\mingw64\lib\ivl\vhdl_textio.vpi";
:vpi_module "C:\msys64\mingw64\lib\ivl\v2005_math.vpi";
:vpi_module "C:\msys64\mingw64\lib\ivl\va_math.vpi";
:vpi_module "C:\msys64\mingw64\lib\ivl\v2009.vpi";
S_0000022405cb7920 .scope package, "$unit" "$unit" 2 1;
 .timescale 0 0;
S_0000022405c45350 .scope module, "pain_classification_system_top_tb" "pain_classification_system_top_tb" 3 3;
 .timescale -9 -12;
v0000022405d621f0_0 .net "alpha_filtered", 7 0, v0000022405ce97c0_0;  1 drivers
v0000022405d62fb0_0 .net "alpha_power_valid", 0 0, v0000022405cc3450_0;  1 drivers
v0000022405d62830_0 .net "alpha_raw", 7 0, v0000022405d5bcf0_0;  1 drivers
v0000022405d634b0_0 .net "alpha_window_power", 15 0, v0000022405cc5110_0;  1 drivers
v0000022405d62290_0 .net "beta_filtered", 7 0, v0000022405d52aa0_0;  1 drivers
v0000022405d62510_0 .net "beta_power_valid", 0 0, v0000022405d52640_0;  1 drivers
v0000022405d623d0_0 .net "beta_raw", 7 0, v0000022405d5a8f0_0;  1 drivers
v0000022405d626f0_0 .net "beta_window_power", 15 0, v0000022405d52be0_0;  1 drivers
v0000022405d62650_0 .net "classified_pain_state", 1 0, v0000022405d5c010_0;  1 drivers
v0000022405d63370_0 .var "clk", 0 0;
v0000022405d62f10_0 .var/i "error_count", 31 0;
v0000022405d62010_0 .net "feature_vector", 31 0, v0000022405d59560_0;  1 drivers
v0000022405d62790_0 .net "gsr_filtered", 7 0, v0000022405d59f60_0;  1 drivers
v0000022405d61cf0_0 .net "gsr_power_valid", 0 0, v0000022405d5c330_0;  1 drivers
v0000022405d63410_0 .net "gsr_raw", 7 0, v0000022405d5b6b0_0;  1 drivers
v0000022405d620b0_0 .net "gsr_window_power", 15 0, v0000022405d5a990_0;  1 drivers
v0000022405d61ed0_0 .net "pain_score", 4 0, v0000022405d5c3d0_0;  1 drivers
v0000022405d62dd0_0 .net "preprocessing_valid", 0 0, L_0000022405cf87f0;  1 drivers
v0000022405d61f70_0 .net "raw_pain_level", 1 0, v0000022405d5ad50_0;  1 drivers
v0000022405d62150_0 .var "reset", 0 0;
v0000022405d62330_0 .net "synthetic_pain_state", 1 0, v0000022405d5bed0_0;  1 drivers
v0000022405d62c90_0 .net "theta_filtered", 7 0, v0000022405d5eef0_0;  1 drivers
v0000022405d62e70_0 .net "theta_power_valid", 0 0, v0000022405d5e4f0_0;  1 drivers
v0000022405d63e40_0 .net "theta_raw", 7 0, v0000022405d5deb0_0;  1 drivers
v0000022405d64980_0 .net "theta_window_power", 15 0, v0000022405d5e310_0;  1 drivers
E_0000022405cd6200 .event posedge, v0000022405ce94a0_0;
S_0000022405c454e0 .scope autotask, "check_snapshot" "check_snapshot" 3 65, 3 65 0, S_0000022405c45350;
 .timescale -9 -12;
v0000022405ce9900_0 .var "expected_classified_state", 1 0;
v0000022405ce9cc0_0 .var "expected_raw_level", 1 0;
v0000022405cea940_0 .var "expected_score", 4 0;
v0000022405cea8a0_0 .var "expected_synthetic_state", 1 0;
TD_pain_classification_system_top_tb.check_snapshot ;
    %load/vec4 v0000022405d62330_0;
    %load/vec4 v0000022405cea8a0_0;
    %cmp/ne;
    %jmp/0xz  T_0.0, 6;
    %vpi_call/w 3 72 "$display", "FAIL: expected synthetic state=%0d got=%0d", v0000022405cea8a0_0, v0000022405d62330_0 {0 0 0};
    %load/vec4 v0000022405d62f10_0;
    %addi 1, 0, 32;
    %store/vec4 v0000022405d62f10_0, 0, 32;
T_0.0 ;
    %load/vec4 v0000022405d61f70_0;
    %load/vec4 v0000022405ce9cc0_0;
    %cmp/ne;
    %jmp/0xz  T_0.2, 6;
    %vpi_call/w 3 78 "$display", "FAIL: expected raw pain level=%0d got=%0d", v0000022405ce9cc0_0, v0000022405d61f70_0 {0 0 0};
    %load/vec4 v0000022405d62f10_0;
    %addi 1, 0, 32;
    %store/vec4 v0000022405d62f10_0, 0, 32;
T_0.2 ;
    %load/vec4 v0000022405d62650_0;
    %load/vec4 v0000022405ce9900_0;
    %cmp/ne;
    %jmp/0xz  T_0.4, 6;
    %vpi_call/w 3 84 "$display", "FAIL: expected classified pain state=%0d got=%0d", v0000022405ce9900_0, v0000022405d62650_0 {0 0 0};
    %load/vec4 v0000022405d62f10_0;
    %addi 1, 0, 32;
    %store/vec4 v0000022405d62f10_0, 0, 32;
T_0.4 ;
    %load/vec4 v0000022405d61ed0_0;
    %load/vec4 v0000022405cea940_0;
    %cmp/ne;
    %jmp/0xz  T_0.6, 6;
    %vpi_call/w 3 90 "$display", "FAIL: expected pain score=%0d got=%0d", v0000022405cea940_0, v0000022405d61ed0_0 {0 0 0};
    %load/vec4 v0000022405d62f10_0;
    %addi 1, 0, 32;
    %store/vec4 v0000022405d62f10_0, 0, 32;
T_0.6 ;
    %load/vec4 v0000022405d62dd0_0;
    %nor/r;
    %flag_set/vec4 8;
    %jmp/0xz  T_0.8, 8;
    %vpi_call/w 3 96 "$display", "FAIL: preprocessing_valid was not asserted" {0 0 0};
    %load/vec4 v0000022405d62f10_0;
    %addi 1, 0, 32;
    %store/vec4 v0000022405d62f10_0, 0, 32;
T_0.8 ;
    %load/vec4 v0000022405d62010_0;
    %load/vec4 v0000022405d621f0_0;
    %load/vec4 v0000022405d62290_0;
    %concat/vec4; draw_concat_vec4
    %load/vec4 v0000022405d62c90_0;
    %concat/vec4; draw_concat_vec4
    %load/vec4 v0000022405d62790_0;
    %concat/vec4; draw_concat_vec4
    %cmp/ne;
    %jmp/0xz  T_0.10, 6;
    %vpi_call/w 3 101 "$display", "FAIL: feature vector does not match filtered outputs" {0 0 0};
    %load/vec4 v0000022405d62f10_0;
    %addi 1, 0, 32;
    %store/vec4 v0000022405d62f10_0, 0, 32;
T_0.10 ;
    %end;
S_0000022405c87f70 .scope module, "dut" "pain_classification_system_top" 3 36, 4 1 0, S_0000022405c45350;
 .timescale 0 0;
    .port_info 0 /INPUT 1 "clk";
    .port_info 1 /INPUT 1 "reset";
    .port_info 2 /OUTPUT 2 "synthetic_pain_state";
    .port_info 3 /OUTPUT 8 "alpha_raw";
    .port_info 4 /OUTPUT 8 "beta_raw";
    .port_info 5 /OUTPUT 8 "theta_raw";
    .port_info 6 /OUTPUT 8 "gsr_raw";
    .port_info 7 /OUTPUT 8 "alpha_filtered";
    .port_info 8 /OUTPUT 8 "beta_filtered";
    .port_info 9 /OUTPUT 8 "theta_filtered";
    .port_info 10 /OUTPUT 8 "gsr_filtered";
    .port_info 11 /OUTPUT 16 "alpha_window_power";
    .port_info 12 /OUTPUT 16 "beta_window_power";
    .port_info 13 /OUTPUT 16 "theta_window_power";
    .port_info 14 /OUTPUT 16 "gsr_window_power";
    .port_info 15 /OUTPUT 1 "alpha_power_valid";
    .port_info 16 /OUTPUT 1 "beta_power_valid";
    .port_info 17 /OUTPUT 1 "theta_power_valid";
    .port_info 18 /OUTPUT 1 "gsr_power_valid";
    .port_info 19 /OUTPUT 1 "preprocessing_valid";
    .port_info 20 /OUTPUT 32 "feature_vector";
    .port_info 21 /OUTPUT 5 "pain_score";
    .port_info 22 /OUTPUT 2 "raw_pain_level";
    .port_info 23 /OUTPUT 2 "classified_pain_state";
P_0000022405c88100 .param/l "ALPHA_HIGH_MIN" 0 4 5, C4<01000001>;
P_0000022405c88138 .param/l "ALPHA_LOW_MAX" 0 4 4, C4<00100010>;
P_0000022405c88170 .param/l "BETA_HIGH_MIN" 0 4 7, C4<01000001>;
P_0000022405c881a8 .param/l "BETA_LOW_MAX" 0 4 6, C4<00100011>;
P_0000022405c881e0 .param/l "GSR_HIGH_MIN" 0 4 11, C4<01000001>;
P_0000022405c88218 .param/l "GSR_LOW_MAX" 0 4 10, C4<00011110>;
P_0000022405c88250 .param/l "POWER_WINDOW_SIZE" 0 4 3, +C4<00000000000000000000000000000100>;
P_0000022405c88288 .param/l "STATE_DURATION" 0 4 2, +C4<00000000000000000000000000010100>;
P_0000022405c882c0 .param/l "THETA_HIGH_MIN" 0 4 9, C4<00110111>;
P_0000022405c882f8 .param/l "THETA_LOW_MAX" 0 4 8, C4<00100011>;
L_0000022405cf8b00 .functor AND 1, v0000022405cc3450_0, v0000022405d52640_0, C4<1>, C4<1>;
L_0000022405cf8fd0 .functor AND 1, L_0000022405cf8b00, v0000022405d5e4f0_0, C4<1>, C4<1>;
L_0000022405cf87f0 .functor AND 1, L_0000022405cf8fd0, v0000022405d5c330_0, C4<1>, C4<1>;
v0000022405d61750_0 .net *"_ivl_0", 0 0, L_0000022405cf8b00;  1 drivers
v0000022405d625b0_0 .net *"_ivl_2", 0 0, L_0000022405cf8fd0;  1 drivers
v0000022405d61930_0 .net "alpha_filtered", 7 0, v0000022405ce97c0_0;  alias, 1 drivers
v0000022405d617f0_0 .net "alpha_power_valid", 0 0, v0000022405cc3450_0;  alias, 1 drivers
v0000022405d62b50_0 .net "alpha_raw", 7 0, v0000022405d5bcf0_0;  alias, 1 drivers
v0000022405d61d90_0 .net "alpha_window_power", 15 0, v0000022405cc5110_0;  alias, 1 drivers
v0000022405d616b0_0 .net "beta_filtered", 7 0, v0000022405d52aa0_0;  alias, 1 drivers
v0000022405d62470_0 .net "beta_power_valid", 0 0, v0000022405d52640_0;  alias, 1 drivers
v0000022405d62d30_0 .net "beta_raw", 7 0, v0000022405d5a8f0_0;  alias, 1 drivers
v0000022405d61bb0_0 .net "beta_window_power", 15 0, v0000022405d52be0_0;  alias, 1 drivers
v0000022405d630f0_0 .net "classified_pain_state", 1 0, v0000022405d5c010_0;  alias, 1 drivers
v0000022405d62970_0 .net "clk", 0 0, v0000022405d63370_0;  1 drivers
v0000022405d61890_0 .net "feature_vector", 31 0, v0000022405d59560_0;  alias, 1 drivers
v0000022405d61b10_0 .net "gsr_filtered", 7 0, v0000022405d59f60_0;  alias, 1 drivers
v0000022405d63230_0 .net "gsr_power_valid", 0 0, v0000022405d5c330_0;  alias, 1 drivers
v0000022405d628d0_0 .net "gsr_raw", 7 0, v0000022405d5b6b0_0;  alias, 1 drivers
v0000022405d63190_0 .net "gsr_window_power", 15 0, v0000022405d5a990_0;  alias, 1 drivers
v0000022405d619d0_0 .net "pain_score", 4 0, v0000022405d5c3d0_0;  alias, 1 drivers
v0000022405d63550_0 .net "preprocessing_valid", 0 0, L_0000022405cf87f0;  alias, 1 drivers
v0000022405d61a70_0 .net "raw_pain_level", 1 0, v0000022405d5ad50_0;  alias, 1 drivers
v0000022405d61c50_0 .net "reset", 0 0, v0000022405d62150_0;  1 drivers
v0000022405d62ab0_0 .net "synthetic_pain_state", 1 0, v0000022405d5bed0_0;  alias, 1 drivers
v0000022405d62bf0_0 .net "theta_filtered", 7 0, v0000022405d5eef0_0;  alias, 1 drivers
v0000022405d61e30_0 .net "theta_power_valid", 0 0, v0000022405d5e4f0_0;  alias, 1 drivers
v0000022405d63050_0 .net "theta_raw", 7 0, v0000022405d5deb0_0;  alias, 1 drivers
v0000022405d632d0_0 .net "theta_window_power", 15 0, v0000022405d5e310_0;  alias, 1 drivers
S_0000022405c78830 .scope module, "alpha_filter" "moving_average_filter" 4 53, 5 1 0, S_0000022405c87f70;
 .timescale 0 0;
    .port_info 0 /INPUT 1 "clk";
    .port_info 1 /INPUT 1 "reset";
    .port_info 2 /INPUT 8 "rhythm";
    .port_info 3 /OUTPUT 8 "smoothed_rhythm";
P_0000022405c299e0 .param/l "SUM_WIDTH" 1 5 10, +C4<000000000000000000000000000001010>;
P_0000022405c29a18 .param/l "input_width" 0 5 2, +C4<00000000000000000000000000001000>;
L_0000022405d65688 .functor BUFT 1, C4<00>, C4<0>, C4<0>, C4<0>;
v0000022405cea800_0 .net/2u *"_ivl_0", 1 0, L_0000022405d65688;  1 drivers
L_0000022405d65718 .functor BUFT 1, C4<00>, C4<0>, C4<0>, C4<0>;
v0000022405ceaee0_0 .net/2u *"_ivl_10", 1 0, L_0000022405d65718;  1 drivers
v0000022405ceb0c0_0 .net *"_ivl_12", 9 0, L_0000022405d645c0;  1 drivers
v0000022405ceb2a0_0 .net *"_ivl_14", 9 0, L_0000022405d647a0;  1 drivers
L_0000022405d65760 .functor BUFT 1, C4<00>, C4<0>, C4<0>, C4<0>;
v0000022405cea3a0_0 .net/2u *"_ivl_16", 1 0, L_0000022405d65760;  1 drivers
v0000022405ce95e0_0 .net *"_ivl_18", 9 0, L_0000022405d64840;  1 drivers
v0000022405cea620_0 .net *"_ivl_2", 9 0, L_0000022405d642a0;  1 drivers
v0000022405ceaf80_0 .net *"_ivl_22", 9 0, L_0000022405d63940;  1 drivers
v0000022405cea9e0_0 .net *"_ivl_24", 7 0, L_0000022405d64480;  1 drivers
L_0000022405d657a8 .functor BUFT 1, C4<00>, C4<0>, C4<0>, C4<0>;
v0000022405ce99a0_0 .net *"_ivl_26", 1 0, L_0000022405d657a8;  1 drivers
L_0000022405d656d0 .functor BUFT 1, C4<00>, C4<0>, C4<0>, C4<0>;
v0000022405ce9720_0 .net/2u *"_ivl_4", 1 0, L_0000022405d656d0;  1 drivers
v0000022405ce9a40_0 .net *"_ivl_6", 9 0, L_0000022405d63760;  1 drivers
v0000022405cea260_0 .net *"_ivl_8", 9 0, L_0000022405d64b60;  1 drivers
v0000022405ce9d60_0 .net "average_result", 7 0, L_0000022405d64ac0;  1 drivers
v0000022405ce94a0_0 .net "clk", 0 0, v0000022405d63370_0;  alias, 1 drivers
v0000022405cea300_0 .var "delay_1", 7 0;
v0000022405ce9f40_0 .var "delay_2", 7 0;
v0000022405ce9ea0_0 .var "delay_3", 7 0;
v0000022405ceb200_0 .net "reset", 0 0, v0000022405d62150_0;  alias, 1 drivers
v0000022405cea760_0 .net "rhythm", 7 0, v0000022405d5bcf0_0;  alias, 1 drivers
v0000022405ce97c0_0 .var "smoothed_rhythm", 7 0;
v0000022405ceb160_0 .net "sum", 9 0, L_0000022405d640c0;  1 drivers
E_0000022405cd58c0 .event posedge, v0000022405ceb200_0, v0000022405ce94a0_0;
L_0000022405d642a0 .concat [ 8 2 0 0], v0000022405d5bcf0_0, L_0000022405d65688;
L_0000022405d63760 .concat [ 8 2 0 0], v0000022405cea300_0, L_0000022405d656d0;
L_0000022405d64b60 .arith/sum 10, L_0000022405d642a0, L_0000022405d63760;
L_0000022405d645c0 .concat [ 8 2 0 0], v0000022405ce9f40_0, L_0000022405d65718;
L_0000022405d647a0 .arith/sum 10, L_0000022405d64b60, L_0000022405d645c0;
L_0000022405d64840 .concat [ 8 2 0 0], v0000022405ce9ea0_0, L_0000022405d65760;
L_0000022405d640c0 .arith/sum 10, L_0000022405d647a0, L_0000022405d64840;
L_0000022405d64480 .part L_0000022405d640c0, 2, 8;
L_0000022405d63940 .concat [ 8 2 0 0], L_0000022405d64480, L_0000022405d657a8;
L_0000022405d64ac0 .part L_0000022405d63940, 0, 8;
S_0000022405c5f5b0 .scope module, "alpha_power_monitor" "power" 4 93, 6 1 0, S_0000022405c87f70;
 .timescale 0 0;
    .port_info 0 /INPUT 1 "clk";
    .port_info 1 /INPUT 1 "reset";
    .port_info 2 /INPUT 8 "feature_signal";
    .port_info 3 /OUTPUT 16 "power_out";
    .port_info 4 /OUTPUT 1 "power_valid";
P_0000022405c789c0 .param/l "ACC_WIDTH" 1 6 24, +C4<00000000000000000000000000000000000000000000000000000000000010010>;
P_0000022405c789f8 .param/l "INDEX_WIDTH" 1 6 23, +C4<00000000000000000000000000000010>;
P_0000022405c78a30 .param/l "SHIFT_BITS" 1 6 25, +C4<00000000000000000000000000000010>;
P_0000022405c78a68 .param/l "SQUARE_WIDTH" 1 6 22, +C4<0000000000000000000000000000000000000000000000000000000000010000>;
P_0000022405c78aa0 .param/l "WINDOW_SIZE" 0 6 3, +C4<00000000000000000000000000000100>;
P_0000022405c78ad8 .param/l "input_width" 0 6 2, +C4<00000000000000000000000000001000>;
L_0000022405cf8e80 .functor BUFZ 16, L_0000022405d65240, C4<0000000000000000>, C4<0000000000000000>, C4<0000000000000000>;
v0000022405ce9ae0_0 .net *"_ivl_0", 15 0, L_0000022405d63d00;  1 drivers
v0000022405ce9680_0 .net *"_ivl_10", 15 0, L_0000022405d65240;  1 drivers
v0000022405cea1c0_0 .net *"_ivl_12", 3 0, L_0000022405d64de0;  1 drivers
L_0000022405d65cb8 .functor BUFT 1, C4<00>, C4<0>, C4<0>, C4<0>;
v0000022405cea440_0 .net *"_ivl_15", 1 0, L_0000022405d65cb8;  1 drivers
v0000022405cea6c0_0 .net *"_ivl_18", 17 0, L_0000022405d64020;  1 drivers
L_0000022405d65d00 .functor BUFT 1, C4<00>, C4<0>, C4<0>, C4<0>;
v0000022405cea580_0 .net *"_ivl_21", 1 0, L_0000022405d65d00;  1 drivers
v0000022405ceaa80_0 .net *"_ivl_22", 17 0, L_0000022405d65560;  1 drivers
v0000022405ceac60_0 .net *"_ivl_24", 17 0, L_0000022405d64f20;  1 drivers
L_0000022405d65d48 .functor BUFT 1, C4<00>, C4<0>, C4<0>, C4<0>;
v0000022405cc4170_0 .net *"_ivl_27", 1 0, L_0000022405d65d48;  1 drivers
L_0000022405d65c28 .functor BUFT 1, C4<00000000>, C4<0>, C4<0>, C4<0>;
v0000022405cc4710_0 .net *"_ivl_3", 7 0, L_0000022405d65c28;  1 drivers
v0000022405cc47b0_0 .net *"_ivl_4", 15 0, L_0000022405d64ca0;  1 drivers
L_0000022405d65c70 .functor BUFT 1, C4<00000000>, C4<0>, C4<0>, C4<0>;
v0000022405cc4850_0 .net *"_ivl_7", 7 0, L_0000022405d65c70;  1 drivers
v0000022405cc4b70_0 .net "clk", 0 0, v0000022405d63370_0;  alias, 1 drivers
v0000022405cc4f30_0 .net "feature_signal", 7 0, v0000022405ce97c0_0;  alias, 1 drivers
v0000022405cc4990_0 .var/i "i", 31 0;
v0000022405cc4fd0_0 .net "newest_square", 15 0, L_0000022405d63f80;  1 drivers
v0000022405cc5070_0 .net "oldest_square", 15 0, L_0000022405cf8e80;  1 drivers
v0000022405cc5110_0 .var "power_out", 15 0;
v0000022405cc3450_0 .var "power_valid", 0 0;
v0000022405cc34f0_0 .net "reset", 0 0, v0000022405d62150_0;  alias, 1 drivers
v0000022405cb98e0_0 .var "sample_count", 2 0;
v0000022405cb9340 .array "square_buffer", 3 0, 15 0;
v0000022405cb92a0_0 .var "sum_sq", 17 0;
v0000022405cb9700_0 .net "updated_sum", 17 0, L_0000022405db2240;  1 drivers
v0000022405d539a0_0 .var "write_index", 1 0;
L_0000022405d63d00 .concat [ 8 8 0 0], v0000022405ce97c0_0, L_0000022405d65c28;
L_0000022405d64ca0 .concat [ 8 8 0 0], v0000022405ce97c0_0, L_0000022405d65c70;
L_0000022405d63f80 .arith/mult 16, L_0000022405d63d00, L_0000022405d64ca0;
L_0000022405d65240 .array/port v0000022405cb9340, L_0000022405d64de0;
L_0000022405d64de0 .concat [ 2 2 0 0], v0000022405d539a0_0, L_0000022405d65cb8;
L_0000022405d64020 .concat [ 16 2 0 0], L_0000022405d63f80, L_0000022405d65d00;
L_0000022405d65560 .arith/sum 18, v0000022405cb92a0_0, L_0000022405d64020;
L_0000022405d64f20 .concat [ 16 2 0 0], L_0000022405cf8e80, L_0000022405d65d48;
L_0000022405db2240 .arith/sub 18, L_0000022405d65560, L_0000022405d64f20;
S_0000022405c5f740 .scope function.vec4.u32, "clog2" "clog2" 6 12, 6 12 0, S_0000022405c5f5b0;
 .timescale 0 0;
; Variable clog2 is vec4 return value of scope S_0000022405c5f740
v0000022405ce9fe0_0 .var/i "temp", 31 0;
v0000022405cea080_0 .var/i "value", 31 0;
TD_pain_classification_system_top_tb.dut.alpha_power_monitor.clog2 ;
    %load/vec4 v0000022405cea080_0;
    %subi 1, 0, 32;
    %store/vec4 v0000022405ce9fe0_0, 0, 32;
    %pushi/vec4 0, 0, 32;
    %ret/vec4 0, 0, 32;  Assign to clog2 (store_vec4_to_lval)
T_1.12 ;
    %load/vec4 v0000022405ce9fe0_0;
    %cmpi/s 0, 0, 32;
    %flag_or 5, 4; GT is !LE
    %flag_inv 5;
    %jmp/0xz T_1.13, 5;
    %load/vec4 v0000022405ce9fe0_0;
    %ix/load 4, 1, 0;
    %flag_set/imm 4, 0;
    %shiftr 4;
    %store/vec4 v0000022405ce9fe0_0, 0, 32;
    %retload/vec4 0; Load clog2 (draw_signal_vec4)
    %addi 1, 0, 32;
    %ret/vec4 0, 0, 32;  Assign to clog2 (store_vec4_to_lval)
    %jmp T_1.12;
T_1.13 ;
    %end;
S_0000022405c6c860 .scope module, "beta_filter" "moving_average_filter" 4 62, 5 1 0, S_0000022405c87f70;
 .timescale 0 0;
    .port_info 0 /INPUT 1 "clk";
    .port_info 1 /INPUT 1 "reset";
    .port_info 2 /INPUT 8 "rhythm";
    .port_info 3 /OUTPUT 8 "smoothed_rhythm";
P_0000022405c2a360 .param/l "SUM_WIDTH" 1 5 10, +C4<000000000000000000000000000001010>;
P_0000022405c2a398 .param/l "input_width" 0 5 2, +C4<00000000000000000000000000001000>;
L_0000022405d657f0 .functor BUFT 1, C4<00>, C4<0>, C4<0>, C4<0>;
v0000022405d53220_0 .net/2u *"_ivl_0", 1 0, L_0000022405d657f0;  1 drivers
L_0000022405d65880 .functor BUFT 1, C4<00>, C4<0>, C4<0>, C4<0>;
v0000022405d53f40_0 .net/2u *"_ivl_10", 1 0, L_0000022405d65880;  1 drivers
v0000022405d526e0_0 .net *"_ivl_12", 9 0, L_0000022405d63da0;  1 drivers
v0000022405d52f00_0 .net *"_ivl_14", 9 0, L_0000022405d643e0;  1 drivers
L_0000022405d658c8 .functor BUFT 1, C4<00>, C4<0>, C4<0>, C4<0>;
v0000022405d54440_0 .net/2u *"_ivl_16", 1 0, L_0000022405d658c8;  1 drivers
v0000022405d53540_0 .net *"_ivl_18", 9 0, L_0000022405d652e0;  1 drivers
v0000022405d535e0_0 .net *"_ivl_2", 9 0, L_0000022405d63b20;  1 drivers
v0000022405d53360_0 .net *"_ivl_22", 9 0, L_0000022405d64520;  1 drivers
v0000022405d53720_0 .net *"_ivl_24", 7 0, L_0000022405d63a80;  1 drivers
L_0000022405d65910 .functor BUFT 1, C4<00>, C4<0>, C4<0>, C4<0>;
v0000022405d532c0_0 .net *"_ivl_26", 1 0, L_0000022405d65910;  1 drivers
L_0000022405d65838 .functor BUFT 1, C4<00>, C4<0>, C4<0>, C4<0>;
v0000022405d537c0_0 .net/2u *"_ivl_4", 1 0, L_0000022405d65838;  1 drivers
v0000022405d53ae0_0 .net *"_ivl_6", 9 0, L_0000022405d65100;  1 drivers
v0000022405d53a40_0 .net *"_ivl_8", 9 0, L_0000022405d65060;  1 drivers
v0000022405d53b80_0 .net "average_result", 7 0, L_0000022405d64a20;  1 drivers
v0000022405d53400_0 .net "clk", 0 0, v0000022405d63370_0;  alias, 1 drivers
v0000022405d52fa0_0 .var "delay_1", 7 0;
v0000022405d53680_0 .var "delay_2", 7 0;
v0000022405d52a00_0 .var "delay_3", 7 0;
v0000022405d53c20_0 .net "reset", 0 0, v0000022405d62150_0;  alias, 1 drivers
v0000022405d534a0_0 .net "rhythm", 7 0, v0000022405d5a8f0_0;  alias, 1 drivers
v0000022405d52aa0_0 .var "smoothed_rhythm", 7 0;
v0000022405d53cc0_0 .net "sum", 9 0, L_0000022405d63800;  1 drivers
L_0000022405d63b20 .concat [ 8 2 0 0], v0000022405d5a8f0_0, L_0000022405d657f0;
L_0000022405d65100 .concat [ 8 2 0 0], v0000022405d52fa0_0, L_0000022405d65838;
L_0000022405d65060 .arith/sum 10, L_0000022405d63b20, L_0000022405d65100;
L_0000022405d63da0 .concat [ 8 2 0 0], v0000022405d53680_0, L_0000022405d65880;
L_0000022405d643e0 .arith/sum 10, L_0000022405d65060, L_0000022405d63da0;
L_0000022405d652e0 .concat [ 8 2 0 0], v0000022405d52a00_0, L_0000022405d658c8;
L_0000022405d63800 .arith/sum 10, L_0000022405d643e0, L_0000022405d652e0;
L_0000022405d63a80 .part L_0000022405d63800, 2, 8;
L_0000022405d64520 .concat [ 8 2 0 0], L_0000022405d63a80, L_0000022405d65910;
L_0000022405d64a20 .part L_0000022405d64520, 0, 8;
S_0000022405c6c9f0 .scope module, "beta_power_monitor" "power" 4 104, 6 1 0, S_0000022405c87f70;
 .timescale 0 0;
    .port_info 0 /INPUT 1 "clk";
    .port_info 1 /INPUT 1 "reset";
    .port_info 2 /INPUT 8 "feature_signal";
    .port_info 3 /OUTPUT 16 "power_out";
    .port_info 4 /OUTPUT 1 "power_valid";
P_0000022405c6cb80 .param/l "ACC_WIDTH" 1 6 24, +C4<00000000000000000000000000000000000000000000000000000000000010010>;
P_0000022405c6cbb8 .param/l "INDEX_WIDTH" 1 6 23, +C4<00000000000000000000000000000010>;
P_0000022405c6cbf0 .param/l "SHIFT_BITS" 1 6 25, +C4<00000000000000000000000000000010>;
P_0000022405c6cc28 .param/l "SQUARE_WIDTH" 1 6 22, +C4<0000000000000000000000000000000000000000000000000000000000010000>;
P_0000022405c6cc60 .param/l "WINDOW_SIZE" 0 6 3, +C4<00000000000000000000000000000100>;
P_0000022405c6cc98 .param/l "input_width" 0 6 2, +C4<00000000000000000000000000001000>;
L_0000022405cf88d0 .functor BUFZ 16, L_0000022405db3820, C4<0000000000000000>, C4<0000000000000000>, C4<0000000000000000>;
v0000022405d52d20_0 .net *"_ivl_0", 15 0, L_0000022405db24c0;  1 drivers
v0000022405d53ea0_0 .net *"_ivl_10", 15 0, L_0000022405db3820;  1 drivers
v0000022405d53040_0 .net *"_ivl_12", 3 0, L_0000022405db29c0;  1 drivers
L_0000022405d65e20 .functor BUFT 1, C4<00>, C4<0>, C4<0>, C4<0>;
v0000022405d52e60_0 .net *"_ivl_15", 1 0, L_0000022405d65e20;  1 drivers
v0000022405d541c0_0 .net *"_ivl_18", 17 0, L_0000022405db2740;  1 drivers
L_0000022405d65e68 .functor BUFT 1, C4<00>, C4<0>, C4<0>, C4<0>;
v0000022405d53860_0 .net *"_ivl_21", 1 0, L_0000022405d65e68;  1 drivers
v0000022405d530e0_0 .net *"_ivl_22", 17 0, L_0000022405db1700;  1 drivers
v0000022405d53900_0 .net *"_ivl_24", 17 0, L_0000022405db18e0;  1 drivers
L_0000022405d65eb0 .functor BUFT 1, C4<00>, C4<0>, C4<0>, C4<0>;
v0000022405d53fe0_0 .net *"_ivl_27", 1 0, L_0000022405d65eb0;  1 drivers
L_0000022405d65d90 .functor BUFT 1, C4<00000000>, C4<0>, C4<0>, C4<0>;
v0000022405d544e0_0 .net *"_ivl_3", 7 0, L_0000022405d65d90;  1 drivers
v0000022405d52dc0_0 .net *"_ivl_4", 15 0, L_0000022405db1fc0;  1 drivers
L_0000022405d65dd8 .functor BUFT 1, C4<00000000>, C4<0>, C4<0>, C4<0>;
v0000022405d54300_0 .net *"_ivl_7", 7 0, L_0000022405d65dd8;  1 drivers
v0000022405d54080_0 .net "clk", 0 0, v0000022405d63370_0;  alias, 1 drivers
v0000022405d54120_0 .net "feature_signal", 7 0, v0000022405d52aa0_0;  alias, 1 drivers
v0000022405d543a0_0 .var/i "i", 31 0;
v0000022405d52820_0 .net "newest_square", 15 0, L_0000022405db3000;  1 drivers
v0000022405d54260_0 .net "oldest_square", 15 0, L_0000022405cf88d0;  1 drivers
v0000022405d52be0_0 .var "power_out", 15 0;
v0000022405d52640_0 .var "power_valid", 0 0;
v0000022405d52780_0 .net "reset", 0 0, v0000022405d62150_0;  alias, 1 drivers
v0000022405d528c0_0 .var "sample_count", 2 0;
v0000022405d52960 .array "square_buffer", 3 0, 15 0;
v0000022405d53180_0 .var "sum_sq", 17 0;
v0000022405d52c80_0 .net "updated_sum", 17 0, L_0000022405db33c0;  1 drivers
v0000022405d597e0_0 .var "write_index", 1 0;
L_0000022405db24c0 .concat [ 8 8 0 0], v0000022405d52aa0_0, L_0000022405d65d90;
L_0000022405db1fc0 .concat [ 8 8 0 0], v0000022405d52aa0_0, L_0000022405d65dd8;
L_0000022405db3000 .arith/mult 16, L_0000022405db24c0, L_0000022405db1fc0;
L_0000022405db3820 .array/port v0000022405d52960, L_0000022405db29c0;
L_0000022405db29c0 .concat [ 2 2 0 0], v0000022405d597e0_0, L_0000022405d65e20;
L_0000022405db2740 .concat [ 16 2 0 0], L_0000022405db3000, L_0000022405d65e68;
L_0000022405db1700 .arith/sum 18, v0000022405d53180_0, L_0000022405db2740;
L_0000022405db18e0 .concat [ 16 2 0 0], L_0000022405cf88d0, L_0000022405d65eb0;
L_0000022405db33c0 .arith/sub 18, L_0000022405db1700, L_0000022405db18e0;
S_0000022405c3f8e0 .scope function.vec4.u32, "clog2" "clog2" 6 12, 6 12 0, S_0000022405c6c9f0;
 .timescale 0 0;
; Variable clog2 is vec4 return value of scope S_0000022405c3f8e0
v0000022405d53d60_0 .var/i "temp", 31 0;
v0000022405d53e00_0 .var/i "value", 31 0;
TD_pain_classification_system_top_tb.dut.beta_power_monitor.clog2 ;
    %load/vec4 v0000022405d53e00_0;
    %subi 1, 0, 32;
    %store/vec4 v0000022405d53d60_0, 0, 32;
    %pushi/vec4 0, 0, 32;
    %ret/vec4 0, 0, 32;  Assign to clog2 (store_vec4_to_lval)
T_2.14 ;
    %load/vec4 v0000022405d53d60_0;
    %cmpi/s 0, 0, 32;
    %flag_or 5, 4; GT is !LE
    %flag_inv 5;
    %jmp/0xz T_2.15, 5;
    %load/vec4 v0000022405d53d60_0;
    %ix/load 4, 1, 0;
    %flag_set/imm 4, 0;
    %shiftr 4;
    %store/vec4 v0000022405d53d60_0, 0, 32;
    %retload/vec4 0; Load clog2 (draw_signal_vec4)
    %addi 1, 0, 32;
    %ret/vec4 0, 0, 32;  Assign to clog2 (store_vec4_to_lval)
    %jmp T_2.14;
T_2.15 ;
    %end;
S_0000022405c3fa70 .scope module, "feature_vector_builder" "feature_vector_generator" 4 141, 7 1 0, S_0000022405c87f70;
 .timescale 0 0;
    .port_info 0 /INPUT 1 "clk";
    .port_info 1 /INPUT 1 "reset";
    .port_info 2 /INPUT 8 "alpha";
    .port_info 3 /INPUT 8 "beta";
    .port_info 4 /INPUT 8 "theta";
    .port_info 5 /INPUT 8 "gsr";
    .port_info 6 /OUTPUT 32 "vector_out";
P_0000022405cd53c0 .param/l "input_width" 0 7 2, +C4<00000000000000000000000000001000>;
v0000022405d591a0_0 .net "alpha", 7 0, v0000022405ce97c0_0;  alias, 1 drivers
v0000022405d59240_0 .net "beta", 7 0, v0000022405d52aa0_0;  alias, 1 drivers
v0000022405d59c40_0 .net "clk", 0 0, v0000022405d63370_0;  alias, 1 drivers
v0000022405d5a500_0 .net "gsr", 7 0, v0000022405d59f60_0;  alias, 1 drivers
v0000022405d59880_0 .net "reset", 0 0, v0000022405d62150_0;  alias, 1 drivers
v0000022405d58980_0 .net "theta", 7 0, v0000022405d5eef0_0;  alias, 1 drivers
v0000022405d59560_0 .var "vector_out", 31 0;
S_0000022405c53730 .scope module, "gsr_filter" "moving_average_filter" 4 80, 5 1 0, S_0000022405c87f70;
 .timescale 0 0;
    .port_info 0 /INPUT 1 "clk";
    .port_info 1 /INPUT 1 "reset";
    .port_info 2 /INPUT 8 "rhythm";
    .port_info 3 /OUTPUT 8 "smoothed_rhythm";
P_0000022405c29ae0 .param/l "SUM_WIDTH" 1 5 10, +C4<000000000000000000000000000001010>;
P_0000022405c29b18 .param/l "input_width" 0 5 2, +C4<00000000000000000000000000001000>;
L_0000022405d65ac0 .functor BUFT 1, C4<00>, C4<0>, C4<0>, C4<0>;
v0000022405d58b60_0 .net/2u *"_ivl_0", 1 0, L_0000022405d65ac0;  1 drivers
L_0000022405d65b50 .functor BUFT 1, C4<00>, C4<0>, C4<0>, C4<0>;
v0000022405d58700_0 .net/2u *"_ivl_10", 1 0, L_0000022405d65b50;  1 drivers
v0000022405d58660_0 .net *"_ivl_12", 9 0, L_0000022405d651a0;  1 drivers
v0000022405d596a0_0 .net *"_ivl_14", 9 0, L_0000022405d636c0;  1 drivers
L_0000022405d65b98 .functor BUFT 1, C4<00>, C4<0>, C4<0>, C4<0>;
v0000022405d59a60_0 .net/2u *"_ivl_16", 1 0, L_0000022405d65b98;  1 drivers
v0000022405d58840_0 .net *"_ivl_18", 9 0, L_0000022405d64d40;  1 drivers
v0000022405d58d40_0 .net *"_ivl_2", 9 0, L_0000022405d64160;  1 drivers
v0000022405d59ce0_0 .net *"_ivl_22", 9 0, L_0000022405d63c60;  1 drivers
v0000022405d5a460_0 .net *"_ivl_24", 7 0, L_0000022405d64c00;  1 drivers
L_0000022405d65be0 .functor BUFT 1, C4<00>, C4<0>, C4<0>, C4<0>;
v0000022405d58e80_0 .net *"_ivl_26", 1 0, L_0000022405d65be0;  1 drivers
L_0000022405d65b08 .functor BUFT 1, C4<00>, C4<0>, C4<0>, C4<0>;
v0000022405d59d80_0 .net/2u *"_ivl_4", 1 0, L_0000022405d65b08;  1 drivers
v0000022405d587a0_0 .net *"_ivl_6", 9 0, L_0000022405d64340;  1 drivers
v0000022405d59b00_0 .net *"_ivl_8", 9 0, L_0000022405d654c0;  1 drivers
v0000022405d58c00_0 .net "average_result", 7 0, L_0000022405d64fc0;  1 drivers
v0000022405d59ec0_0 .net "clk", 0 0, v0000022405d63370_0;  alias, 1 drivers
v0000022405d58ca0_0 .var "delay_1", 7 0;
v0000022405d59e20_0 .var "delay_2", 7 0;
v0000022405d594c0_0 .var "delay_3", 7 0;
v0000022405d59600_0 .net "reset", 0 0, v0000022405d62150_0;  alias, 1 drivers
v0000022405d59740_0 .net "rhythm", 7 0, v0000022405d5b6b0_0;  alias, 1 drivers
v0000022405d59f60_0 .var "smoothed_rhythm", 7 0;
v0000022405d5a280_0 .net "sum", 9 0, L_0000022405d64700;  1 drivers
L_0000022405d64160 .concat [ 8 2 0 0], v0000022405d5b6b0_0, L_0000022405d65ac0;
L_0000022405d64340 .concat [ 8 2 0 0], v0000022405d58ca0_0, L_0000022405d65b08;
L_0000022405d654c0 .arith/sum 10, L_0000022405d64160, L_0000022405d64340;
L_0000022405d651a0 .concat [ 8 2 0 0], v0000022405d59e20_0, L_0000022405d65b50;
L_0000022405d636c0 .arith/sum 10, L_0000022405d654c0, L_0000022405d651a0;
L_0000022405d64d40 .concat [ 8 2 0 0], v0000022405d594c0_0, L_0000022405d65b98;
L_0000022405d64700 .arith/sum 10, L_0000022405d636c0, L_0000022405d64d40;
L_0000022405d64c00 .part L_0000022405d64700, 2, 8;
L_0000022405d63c60 .concat [ 8 2 0 0], L_0000022405d64c00, L_0000022405d65be0;
L_0000022405d64fc0 .part L_0000022405d63c60, 0, 8;
S_0000022405c538c0 .scope module, "gsr_power_monitor" "power" 4 126, 6 1 0, S_0000022405c87f70;
 .timescale 0 0;
    .port_info 0 /INPUT 1 "clk";
    .port_info 1 /INPUT 1 "reset";
    .port_info 2 /INPUT 8 "feature_signal";
    .port_info 3 /OUTPUT 16 "power_out";
    .port_info 4 /OUTPUT 1 "power_valid";
P_0000022405c53a50 .param/l "ACC_WIDTH" 1 6 24, +C4<00000000000000000000000000000000000000000000000000000000000010010>;
P_0000022405c53a88 .param/l "INDEX_WIDTH" 1 6 23, +C4<00000000000000000000000000000010>;
P_0000022405c53ac0 .param/l "SHIFT_BITS" 1 6 25, +C4<00000000000000000000000000000010>;
P_0000022405c53af8 .param/l "SQUARE_WIDTH" 1 6 22, +C4<0000000000000000000000000000000000000000000000000000000000010000>;
P_0000022405c53b30 .param/l "WINDOW_SIZE" 0 6 3, +C4<00000000000000000000000000000100>;
P_0000022405c53b68 .param/l "input_width" 0 6 2, +C4<00000000000000000000000000001000>;
L_0000022405cf8a90 .functor BUFZ 16, L_0000022405db3280, C4<0000000000000000>, C4<0000000000000000>, C4<0000000000000000>;
v0000022405d588e0_0 .net *"_ivl_0", 15 0, L_0000022405db36e0;  1 drivers
v0000022405d59ba0_0 .net *"_ivl_10", 15 0, L_0000022405db3280;  1 drivers
v0000022405d58a20_0 .net *"_ivl_12", 3 0, L_0000022405db26a0;  1 drivers
L_0000022405d660f0 .functor BUFT 1, C4<00>, C4<0>, C4<0>, C4<0>;
v0000022405d5a140_0 .net *"_ivl_15", 1 0, L_0000022405d660f0;  1 drivers
v0000022405d5a1e0_0 .net *"_ivl_18", 17 0, L_0000022405db2b00;  1 drivers
L_0000022405d66138 .functor BUFT 1, C4<00>, C4<0>, C4<0>, C4<0>;
v0000022405d5a320_0 .net *"_ivl_21", 1 0, L_0000022405d66138;  1 drivers
v0000022405d58de0_0 .net *"_ivl_22", 17 0, L_0000022405db38c0;  1 drivers
v0000022405d599c0_0 .net *"_ivl_24", 17 0, L_0000022405db21a0;  1 drivers
L_0000022405d66180 .functor BUFT 1, C4<00>, C4<0>, C4<0>, C4<0>;
v0000022405d58ac0_0 .net *"_ivl_27", 1 0, L_0000022405d66180;  1 drivers
L_0000022405d66060 .functor BUFT 1, C4<00000000>, C4<0>, C4<0>, C4<0>;
v0000022405d58f20_0 .net *"_ivl_3", 7 0, L_0000022405d66060;  1 drivers
v0000022405d5a3c0_0 .net *"_ivl_4", 15 0, L_0000022405db3140;  1 drivers
L_0000022405d660a8 .functor BUFT 1, C4<00000000>, C4<0>, C4<0>, C4<0>;
v0000022405d59420_0 .net *"_ivl_7", 7 0, L_0000022405d660a8;  1 drivers
v0000022405d58fc0_0 .net "clk", 0 0, v0000022405d63370_0;  alias, 1 drivers
v0000022405d59060_0 .net "feature_signal", 7 0, v0000022405d59f60_0;  alias, 1 drivers
v0000022405d59100_0 .var/i "i", 31 0;
v0000022405d592e0_0 .net "newest_square", 15 0, L_0000022405db3aa0;  1 drivers
v0000022405d59380_0 .net "oldest_square", 15 0, L_0000022405cf8a90;  1 drivers
v0000022405d5a990_0 .var "power_out", 15 0;
v0000022405d5c330_0 .var "power_valid", 0 0;
v0000022405d5b930_0 .net "reset", 0 0, v0000022405d62150_0;  alias, 1 drivers
v0000022405d5bd90_0 .var "sample_count", 2 0;
v0000022405d5aad0 .array "square_buffer", 3 0, 15 0;
v0000022405d5bf70_0 .var "sum_sq", 17 0;
v0000022405d5b110_0 .net "updated_sum", 17 0, L_0000022405db2060;  1 drivers
v0000022405d5ab70_0 .var "write_index", 1 0;
L_0000022405db36e0 .concat [ 8 8 0 0], v0000022405d59f60_0, L_0000022405d66060;
L_0000022405db3140 .concat [ 8 8 0 0], v0000022405d59f60_0, L_0000022405d660a8;
L_0000022405db3aa0 .arith/mult 16, L_0000022405db36e0, L_0000022405db3140;
L_0000022405db3280 .array/port v0000022405d5aad0, L_0000022405db26a0;
L_0000022405db26a0 .concat [ 2 2 0 0], v0000022405d5ab70_0, L_0000022405d660f0;
L_0000022405db2b00 .concat [ 16 2 0 0], L_0000022405db3aa0, L_0000022405d66138;
L_0000022405db38c0 .arith/sum 18, v0000022405d5bf70_0, L_0000022405db2b00;
L_0000022405db21a0 .concat [ 16 2 0 0], L_0000022405cf8a90, L_0000022405d66180;
L_0000022405db2060 .arith/sub 18, L_0000022405db38c0, L_0000022405db21a0;
S_0000022405c58080 .scope function.vec4.u32, "clog2" "clog2" 6 12, 6 12 0, S_0000022405c538c0;
 .timescale 0 0;
; Variable clog2 is vec4 return value of scope S_0000022405c58080
v0000022405d5a0a0_0 .var/i "temp", 31 0;
v0000022405d59920_0 .var/i "value", 31 0;
TD_pain_classification_system_top_tb.dut.gsr_power_monitor.clog2 ;
    %load/vec4 v0000022405d59920_0;
    %subi 1, 0, 32;
    %store/vec4 v0000022405d5a0a0_0, 0, 32;
    %pushi/vec4 0, 0, 32;
    %ret/vec4 0, 0, 32;  Assign to clog2 (store_vec4_to_lval)
T_3.16 ;
    %load/vec4 v0000022405d5a0a0_0;
    %cmpi/s 0, 0, 32;
    %flag_or 5, 4; GT is !LE
    %flag_inv 5;
    %jmp/0xz T_3.17, 5;
    %load/vec4 v0000022405d5a0a0_0;
    %ix/load 4, 1, 0;
    %flag_set/imm 4, 0;
    %shiftr 4;
    %store/vec4 v0000022405d5a0a0_0, 0, 32;
    %retload/vec4 0; Load clog2 (draw_signal_vec4)
    %addi 1, 0, 32;
    %ret/vec4 0, 0, 32;  Assign to clog2 (store_vec4_to_lval)
    %jmp T_3.16;
T_3.17 ;
    %end;
S_0000022405cfc330 .scope module, "pain_engine" "pain_classification_engine" 4 161, 8 1 0, S_0000022405c87f70;
 .timescale 0 0;
    .port_info 0 /INPUT 1 "clk";
    .port_info 1 /INPUT 1 "reset";
    .port_info 2 /INPUT 32 "feature_vector";
    .port_info 3 /OUTPUT 5 "pain_score";
    .port_info 4 /OUTPUT 2 "raw_pain_level";
    .port_info 5 /OUTPUT 2 "pain_state";
P_0000022405c58210 .param/l "alpha_high_min" 0 8 4, C4<01000001>;
P_0000022405c58248 .param/l "alpha_low_max" 0 8 3, C4<00100010>;
P_0000022405c58280 .param/l "beta_high_min" 0 8 6, C4<01000001>;
P_0000022405c582b8 .param/l "beta_low_max" 0 8 5, C4<00100011>;
P_0000022405c582f0 .param/l "gsr_high_min" 0 8 10, C4<01000001>;
P_0000022405c58328 .param/l "gsr_low_max" 0 8 9, C4<00011110>;
P_0000022405c58360 .param/l "input_width" 0 8 2, +C4<00000000000000000000000000001000>;
P_0000022405c58398 .param/l "theta_high_min" 0 8 8, C4<00110111>;
P_0000022405c583d0 .param/l "theta_low_max" 0 8 7, C4<00100011>;
v0000022405d5bbb0_0 .net "alpha_code", 1 0, v0000022405d5af30_0;  1 drivers
v0000022405d5adf0_0 .net "alpha_feature", 7 0, L_0000022405db27e0;  1 drivers
v0000022405d5bb10_0 .net "beta_code", 1 0, v0000022405d5b1b0_0;  1 drivers
v0000022405d5ae90_0 .net "beta_feature", 7 0, L_0000022405db2420;  1 drivers
v0000022405d5aa30_0 .net "clk", 0 0, v0000022405d63370_0;  alias, 1 drivers
v0000022405d5c0b0_0 .net "feature_vector", 31 0, v0000022405d59560_0;  alias, 1 drivers
v0000022405d5bc50_0 .net "gsr_code", 1 0, v0000022405d5b750_0;  1 drivers
v0000022405d5a7b0_0 .net "gsr_feature", 7 0, L_0000022405db2e20;  1 drivers
v0000022405d5c150_0 .net "pain_score", 4 0, v0000022405d5c3d0_0;  alias, 1 drivers
v0000022405d5afd0_0 .net "pain_state", 1 0, v0000022405d5c010_0;  alias, 1 drivers
v0000022405d5b390_0 .net "raw_pain_level", 1 0, v0000022405d5ad50_0;  alias, 1 drivers
v0000022405d5b430_0 .net "reset", 0 0, v0000022405d62150_0;  alias, 1 drivers
v0000022405d5b070_0 .net "theta_code", 1 0, v0000022405d5a670_0;  1 drivers
v0000022405d5a710_0 .net "theta_feature", 7 0, L_0000022405db2880;  1 drivers
L_0000022405db27e0 .part v0000022405d59560_0, 24, 8;
L_0000022405db2420 .part v0000022405d59560_0, 16, 8;
L_0000022405db2880 .part v0000022405d59560_0, 8, 8;
L_0000022405db2e20 .part v0000022405d59560_0, 0, 8;
S_0000022405cfc970 .scope module, "alpha_comparator" "feature_threshold_comparator" 8 40, 9 1 0, S_0000022405cfc330;
 .timescale 0 0;
    .port_info 0 /INPUT 8 "feature_value";
    .port_info 1 /OUTPUT 2 "pain_code";
P_0000022405c58410 .param/l "high_min" 0 9 4, C4<01000001>;
P_0000022405c58448 .param/l "input_width" 0 9 2, +C4<00000000000000000000000000001000>;
P_0000022405c58480 .param/l "low_max" 0 9 3, C4<00100010>;
P_0000022405c584b8 .param/l "reverse_scale" 0 9 5, C4<1>;
v0000022405d5ac10_0 .net "feature_value", 7 0, L_0000022405db27e0;  alias, 1 drivers
v0000022405d5af30_0 .var "pain_code", 1 0;
E_0000022405cd5400 .event anyedge, v0000022405d5ac10_0;
S_0000022405cfc650 .scope module, "beta_comparator" "feature_threshold_comparator" 8 50, 9 1 0, S_0000022405cfc330;
 .timescale 0 0;
    .port_info 0 /INPUT 8 "feature_value";
    .port_info 1 /OUTPUT 2 "pain_code";
P_0000022405cb7ab0 .param/l "high_min" 0 9 4, C4<01000001>;
P_0000022405cb7ae8 .param/l "input_width" 0 9 2, +C4<00000000000000000000000000001000>;
P_0000022405cb7b20 .param/l "low_max" 0 9 3, C4<00100011>;
P_0000022405cb7b58 .param/l "reverse_scale" 0 9 5, C4<0>;
v0000022405d5be30_0 .net "feature_value", 7 0, L_0000022405db2420;  alias, 1 drivers
v0000022405d5b1b0_0 .var "pain_code", 1 0;
E_0000022405cd7180 .event anyedge, v0000022405d5be30_0;
S_0000022405cfc7e0 .scope module, "decision_logic" "pain_classification_logic" 8 75, 10 1 0, S_0000022405cfc330;
 .timescale 0 0;
    .port_info 0 /INPUT 2 "alpha_code";
    .port_info 1 /INPUT 2 "beta_code";
    .port_info 2 /INPUT 2 "theta_code";
    .port_info 3 /INPUT 2 "gsr_code";
    .port_info 4 /OUTPUT 5 "pain_score";
    .port_info 5 /OUTPUT 2 "raw_pain_level";
P_0000022405ce3270 .param/l "HIGH_PAIN" 1 10 12, C4<10>;
P_0000022405ce32a8 .param/l "LOW_PAIN" 1 10 10, C4<00>;
P_0000022405ce32e0 .param/l "MODERATE_PAIN" 1 10 11, C4<01>;
P_0000022405ce3318 .param/l "SCORE_HIGH_MIN" 1 10 14, C4<01011>;
P_0000022405ce3350 .param/l "SCORE_LOW_MAX" 1 10 13, C4<00100>;
v0000022405d5b250_0 .net "alpha_code", 1 0, v0000022405d5af30_0;  alias, 1 drivers
v0000022405d5b9d0_0 .net "beta_code", 1 0, v0000022405d5b1b0_0;  alias, 1 drivers
v0000022405d5c290_0 .net "gsr_code", 1 0, v0000022405d5b750_0;  alias, 1 drivers
v0000022405d5c3d0_0 .var "pain_score", 4 0;
v0000022405d5ad50_0 .var "raw_pain_level", 1 0;
v0000022405d5acb0_0 .net "theta_code", 1 0, v0000022405d5a670_0;  alias, 1 drivers
E_0000022405cd7a00/0 .event anyedge, v0000022405d5af30_0, v0000022405d5b1b0_0, v0000022405d5acb0_0, v0000022405d5c290_0;
E_0000022405cd7a00/1 .event anyedge, v0000022405d5c3d0_0;
E_0000022405cd7a00 .event/or E_0000022405cd7a00/0, E_0000022405cd7a00/1;
S_0000022405cfcb00 .scope module, "gsr_comparator" "feature_threshold_comparator" 8 70, 9 1 0, S_0000022405cfc330;
 .timescale 0 0;
    .port_info 0 /INPUT 8 "feature_value";
    .port_info 1 /OUTPUT 2 "pain_code";
P_0000022405beaee0 .param/l "high_min" 0 9 4, C4<01000001>;
P_0000022405beaf18 .param/l "input_width" 0 9 2, +C4<00000000000000000000000000001000>;
P_0000022405beaf50 .param/l "low_max" 0 9 3, C4<00011110>;
P_0000022405beaf88 .param/l "reverse_scale" 0 9 5, C4<0>;
v0000022405d5a850_0 .net "feature_value", 7 0, L_0000022405db2e20;  alias, 1 drivers
v0000022405d5b750_0 .var "pain_code", 1 0;
E_0000022405cd7500 .event anyedge, v0000022405d5a850_0;
S_0000022405cfcc90 .scope module, "pain_state_fsm" "pain_classifier_fsm" 8 84, 11 1 0, S_0000022405cfc330;
 .timescale 0 0;
    .port_info 0 /INPUT 1 "clk";
    .port_info 1 /INPUT 1 "reset";
    .port_info 2 /INPUT 2 "raw_pain_level";
    .port_info 3 /INPUT 5 "pain_score";
    .port_info 4 /OUTPUT 2 "pain_state";
P_0000022405cfd2f0 .param/l "HIGH_PAIN" 1 11 11, C4<10>;
P_0000022405cfd328 .param/l "LOW_PAIN" 1 11 9, C4<00>;
P_0000022405cfd360 .param/l "MODERATE_PAIN" 1 11 10, C4<01>;
P_0000022405cfd398 .param/l "SCORE_STRONG_HIGH" 1 11 12, C4<01110>;
v0000022405d5b610_0 .net "clk", 0 0, v0000022405d63370_0;  alias, 1 drivers
v0000022405d5c470_0 .var "low_confirm_pending", 0 0;
v0000022405d5b890_0 .var "moderate_confirm_pending", 0 0;
v0000022405d5b7f0_0 .net "pain_score", 4 0, v0000022405d5c3d0_0;  alias, 1 drivers
v0000022405d5c010_0 .var "pain_state", 1 0;
v0000022405d5ba70_0 .net "raw_pain_level", 1 0, v0000022405d5ad50_0;  alias, 1 drivers
v0000022405d5c510_0 .net "reset", 0 0, v0000022405d62150_0;  alias, 1 drivers
S_0000022405cfd140 .scope module, "theta_comparator" "feature_threshold_comparator" 8 60, 9 1 0, S_0000022405cfc330;
 .timescale 0 0;
    .port_info 0 /INPUT 8 "feature_value";
    .port_info 1 /OUTPUT 2 "pain_code";
P_0000022405c3fc00 .param/l "high_min" 0 9 4, C4<00110111>;
P_0000022405c3fc38 .param/l "input_width" 0 9 2, +C4<00000000000000000000000000001000>;
P_0000022405c3fc70 .param/l "low_max" 0 9 3, C4<00100011>;
P_0000022405c3fca8 .param/l "reverse_scale" 0 9 5, C4<0>;
v0000022405d5b2f0_0 .net "feature_value", 7 0, L_0000022405db2880;  alias, 1 drivers
v0000022405d5a670_0 .var "pain_code", 1 0;
E_0000022405cd8080 .event anyedge, v0000022405d5b2f0_0;
S_0000022405cfce20 .scope module, "signal_source" "synthetic_signal_generator" 4 41, 12 1 0, S_0000022405c87f70;
 .timescale 0 0;
    .port_info 0 /INPUT 1 "clk";
    .port_info 1 /INPUT 1 "reset";
    .port_info 2 /OUTPUT 8 "alpha_power";
    .port_info 3 /OUTPUT 8 "beta_power";
    .port_info 4 /OUTPUT 8 "theta_power";
    .port_info 5 /OUTPUT 8 "gsr_level";
    .port_info 6 /OUTPUT 2 "pain_state";
P_0000022405c5f8d0 .param/l "HIGH_PAIN" 1 12 15, C4<10>;
P_0000022405c5f908 .param/l "LOW_PAIN" 1 12 13, C4<00>;
P_0000022405c5f940 .param/l "MED_PAIN" 1 12 14, C4<01>;
P_0000022405c5f978 .param/l "STATE_DURATION" 0 12 18, +C4<00000000000000000000000000010100>;
v0000022405d5bcf0_0 .var "alpha_power", 7 0;
v0000022405d5a8f0_0 .var "beta_power", 7 0;
v0000022405d5b4d0_0 .net "clk", 0 0, v0000022405d63370_0;  alias, 1 drivers
v0000022405d5b570_0 .var "counter", 7 0;
v0000022405d5b6b0_0 .var "gsr_level", 7 0;
v0000022405d5bed0_0 .var "pain_state", 1 0;
v0000022405d5c1f0_0 .net "reset", 0 0, v0000022405d62150_0;  alias, 1 drivers
v0000022405d5deb0_0 .var "theta_power", 7 0;
E_0000022405cd7640 .event anyedge, v0000022405d5bed0_0;
S_0000022405cfc4c0 .scope module, "theta_filter" "moving_average_filter" 4 71, 5 1 0, S_0000022405c87f70;
 .timescale 0 0;
    .port_info 0 /INPUT 1 "clk";
    .port_info 1 /INPUT 1 "reset";
    .port_info 2 /INPUT 8 "rhythm";
    .port_info 3 /OUTPUT 8 "smoothed_rhythm";
P_0000022405c2a5e0 .param/l "SUM_WIDTH" 1 5 10, +C4<000000000000000000000000000001010>;
P_0000022405c2a618 .param/l "input_width" 0 5 2, +C4<00000000000000000000000000001000>;
L_0000022405d65958 .functor BUFT 1, C4<00>, C4<0>, C4<0>, C4<0>;
v0000022405d5dd70_0 .net/2u *"_ivl_0", 1 0, L_0000022405d65958;  1 drivers
L_0000022405d659e8 .functor BUFT 1, C4<00>, C4<0>, C4<0>, C4<0>;
v0000022405d5ea90_0 .net/2u *"_ivl_10", 1 0, L_0000022405d659e8;  1 drivers
v0000022405d5db90_0 .net *"_ivl_12", 9 0, L_0000022405d64e80;  1 drivers
v0000022405d5ed10_0 .net *"_ivl_14", 9 0, L_0000022405d64660;  1 drivers
L_0000022405d65a30 .functor BUFT 1, C4<00>, C4<0>, C4<0>, C4<0>;
v0000022405d5edb0_0 .net/2u *"_ivl_16", 1 0, L_0000022405d65a30;  1 drivers
v0000022405d5e3b0_0 .net *"_ivl_18", 9 0, L_0000022405d638a0;  1 drivers
v0000022405d5e090_0 .net *"_ivl_2", 9 0, L_0000022405d64200;  1 drivers
v0000022405d5e590_0 .net *"_ivl_22", 9 0, L_0000022405d63bc0;  1 drivers
v0000022405d5ee50_0 .net *"_ivl_24", 7 0, L_0000022405d639e0;  1 drivers
L_0000022405d65a78 .functor BUFT 1, C4<00>, C4<0>, C4<0>, C4<0>;
v0000022405d5f530_0 .net *"_ivl_26", 1 0, L_0000022405d65a78;  1 drivers
L_0000022405d659a0 .functor BUFT 1, C4<00>, C4<0>, C4<0>, C4<0>;
v0000022405d5de10_0 .net/2u *"_ivl_4", 1 0, L_0000022405d659a0;  1 drivers
v0000022405d5f350_0 .net *"_ivl_6", 9 0, L_0000022405d65420;  1 drivers
v0000022405d5e8b0_0 .net *"_ivl_8", 9 0, L_0000022405d65380;  1 drivers
v0000022405d5d730_0 .net "average_result", 7 0, L_0000022405d648e0;  1 drivers
v0000022405d5e810_0 .net "clk", 0 0, v0000022405d63370_0;  alias, 1 drivers
v0000022405d5d870_0 .var "delay_1", 7 0;
v0000022405d5e950_0 .var "delay_2", 7 0;
v0000022405d5dc30_0 .var "delay_3", 7 0;
v0000022405d5f490_0 .net "reset", 0 0, v0000022405d62150_0;  alias, 1 drivers
v0000022405d5df50_0 .net "rhythm", 7 0, v0000022405d5deb0_0;  alias, 1 drivers
v0000022405d5eef0_0 .var "smoothed_rhythm", 7 0;
v0000022405d5dff0_0 .net "sum", 9 0, L_0000022405d63ee0;  1 drivers
L_0000022405d64200 .concat [ 8 2 0 0], v0000022405d5deb0_0, L_0000022405d65958;
L_0000022405d65420 .concat [ 8 2 0 0], v0000022405d5d870_0, L_0000022405d659a0;
L_0000022405d65380 .arith/sum 10, L_0000022405d64200, L_0000022405d65420;
L_0000022405d64e80 .concat [ 8 2 0 0], v0000022405d5e950_0, L_0000022405d659e8;
L_0000022405d64660 .arith/sum 10, L_0000022405d65380, L_0000022405d64e80;
L_0000022405d638a0 .concat [ 8 2 0 0], v0000022405d5dc30_0, L_0000022405d65a30;
L_0000022405d63ee0 .arith/sum 10, L_0000022405d64660, L_0000022405d638a0;
L_0000022405d639e0 .part L_0000022405d63ee0, 2, 8;
L_0000022405d63bc0 .concat [ 8 2 0 0], L_0000022405d639e0, L_0000022405d65a78;
L_0000022405d648e0 .part L_0000022405d63bc0, 0, 8;
S_0000022405cfcfb0 .scope module, "theta_power_monitor" "power" 4 115, 6 1 0, S_0000022405c87f70;
 .timescale 0 0;
    .port_info 0 /INPUT 1 "clk";
    .port_info 1 /INPUT 1 "reset";
    .port_info 2 /INPUT 8 "feature_signal";
    .port_info 3 /OUTPUT 16 "power_out";
    .port_info 4 /OUTPUT 1 "power_valid";
P_0000022405c45670 .param/l "ACC_WIDTH" 1 6 24, +C4<00000000000000000000000000000000000000000000000000000000000010010>;
P_0000022405c456a8 .param/l "INDEX_WIDTH" 1 6 23, +C4<00000000000000000000000000000010>;
P_0000022405c456e0 .param/l "SHIFT_BITS" 1 6 25, +C4<00000000000000000000000000000010>;
P_0000022405c45718 .param/l "SQUARE_WIDTH" 1 6 22, +C4<0000000000000000000000000000000000000000000000000000000000010000>;
P_0000022405c45750 .param/l "WINDOW_SIZE" 0 6 3, +C4<00000000000000000000000000000100>;
P_0000022405c45788 .param/l "input_width" 0 6 2, +C4<00000000000000000000000000001000>;
L_0000022405cf8470 .functor BUFZ 16, L_0000022405db3dc0, C4<0000000000000000>, C4<0000000000000000>, C4<0000000000000000>;
v0000022405d5da50_0 .net *"_ivl_0", 15 0, L_0000022405db22e0;  1 drivers
v0000022405d5f170_0 .net *"_ivl_10", 15 0, L_0000022405db3dc0;  1 drivers
v0000022405d5ef90_0 .net *"_ivl_12", 3 0, L_0000022405db3e60;  1 drivers
L_0000022405d65f88 .functor BUFT 1, C4<00>, C4<0>, C4<0>, C4<0>;
v0000022405d5e450_0 .net *"_ivl_15", 1 0, L_0000022405d65f88;  1 drivers
v0000022405d5daf0_0 .net *"_ivl_18", 17 0, L_0000022405db30a0;  1 drivers
L_0000022405d65fd0 .functor BUFT 1, C4<00>, C4<0>, C4<0>, C4<0>;
v0000022405d5e630_0 .net *"_ivl_21", 1 0, L_0000022405d65fd0;  1 drivers
v0000022405d5f3f0_0 .net *"_ivl_22", 17 0, L_0000022405db2ba0;  1 drivers
v0000022405d5e130_0 .net *"_ivl_24", 17 0, L_0000022405db2560;  1 drivers
L_0000022405d66018 .functor BUFT 1, C4<00>, C4<0>, C4<0>, C4<0>;
v0000022405d5d910_0 .net *"_ivl_27", 1 0, L_0000022405d66018;  1 drivers
L_0000022405d65ef8 .functor BUFT 1, C4<00000000>, C4<0>, C4<0>, C4<0>;
v0000022405d5dcd0_0 .net *"_ivl_3", 7 0, L_0000022405d65ef8;  1 drivers
v0000022405d5e1d0_0 .net *"_ivl_4", 15 0, L_0000022405db3640;  1 drivers
L_0000022405d65f40 .functor BUFT 1, C4<00000000>, C4<0>, C4<0>, C4<0>;
v0000022405d5f030_0 .net *"_ivl_7", 7 0, L_0000022405d65f40;  1 drivers
v0000022405d5e270_0 .net "clk", 0 0, v0000022405d63370_0;  alias, 1 drivers
v0000022405d5d7d0_0 .net "feature_signal", 7 0, v0000022405d5eef0_0;  alias, 1 drivers
v0000022405d5e9f0_0 .var/i "i", 31 0;
v0000022405d5ebd0_0 .net "newest_square", 15 0, L_0000022405db31e0;  1 drivers
v0000022405d5f210_0 .net "oldest_square", 15 0, L_0000022405cf8470;  1 drivers
v0000022405d5e310_0 .var "power_out", 15 0;
v0000022405d5e4f0_0 .var "power_valid", 0 0;
v0000022405d5f2b0_0 .net "reset", 0 0, v0000022405d62150_0;  alias, 1 drivers
v0000022405d5e6d0_0 .var "sample_count", 2 0;
v0000022405d5e770 .array "square_buffer", 3 0, 15 0;
v0000022405d5ec70_0 .var "sum_sq", 17 0;
v0000022405d5d690_0 .net "updated_sum", 17 0, L_0000022405db2600;  1 drivers
v0000022405d62a10_0 .var "write_index", 1 0;
L_0000022405db22e0 .concat [ 8 8 0 0], v0000022405d5eef0_0, L_0000022405d65ef8;
L_0000022405db3640 .concat [ 8 8 0 0], v0000022405d5eef0_0, L_0000022405d65f40;
L_0000022405db31e0 .arith/mult 16, L_0000022405db22e0, L_0000022405db3640;
L_0000022405db3dc0 .array/port v0000022405d5e770, L_0000022405db3e60;
L_0000022405db3e60 .concat [ 2 2 0 0], v0000022405d62a10_0, L_0000022405d65f88;
L_0000022405db30a0 .concat [ 16 2 0 0], L_0000022405db31e0, L_0000022405d65fd0;
L_0000022405db2ba0 .arith/sum 18, v0000022405d5ec70_0, L_0000022405db30a0;
L_0000022405db2560 .concat [ 16 2 0 0], L_0000022405cf8470, L_0000022405d66018;
L_0000022405db2600 .arith/sub 18, L_0000022405db2ba0, L_0000022405db2560;
S_0000022405d60fa0 .scope function.vec4.u32, "clog2" "clog2" 6 12, 6 12 0, S_0000022405cfcfb0;
 .timescale 0 0;
; Variable clog2 is vec4 return value of scope S_0000022405d60fa0
v0000022405d5eb30_0 .var/i "temp", 31 0;
v0000022405d5d9b0_0 .var/i "value", 31 0;
TD_pain_classification_system_top_tb.dut.theta_power_monitor.clog2 ;
    %load/vec4 v0000022405d5d9b0_0;
    %subi 1, 0, 32;
    %store/vec4 v0000022405d5eb30_0, 0, 32;
    %pushi/vec4 0, 0, 32;
    %ret/vec4 0, 0, 32;  Assign to clog2 (store_vec4_to_lval)
T_4.18 ;
    %load/vec4 v0000022405d5eb30_0;
    %cmpi/s 0, 0, 32;
    %flag_or 5, 4; GT is !LE
    %flag_inv 5;
    %jmp/0xz T_4.19, 5;
    %load/vec4 v0000022405d5eb30_0;
    %ix/load 4, 1, 0;
    %flag_set/imm 4, 0;
    %shiftr 4;
    %store/vec4 v0000022405d5eb30_0, 0, 32;
    %retload/vec4 0; Load clog2 (draw_signal_vec4)
    %addi 1, 0, 32;
    %ret/vec4 0, 0, 32;  Assign to clog2 (store_vec4_to_lval)
    %jmp T_4.18;
T_4.19 ;
    %end;
    .scope S_0000022405cfce20;
T_5 ;
    %wait E_0000022405cd58c0;
    %load/vec4 v0000022405d5c1f0_0;
    %flag_set/vec4 8;
    %jmp/0xz  T_5.0, 8;
    %pushi/vec4 0, 0, 8;
    %assign/vec4 v0000022405d5b570_0, 0;
    %pushi/vec4 0, 0, 2;
    %assign/vec4 v0000022405d5bed0_0, 0;
    %jmp T_5.1;
T_5.0 ;
    %load/vec4 v0000022405d5b570_0;
    %pad/u 32;
    %cmpi/e 19, 0, 32;
    %jmp/0xz  T_5.2, 4;
    %pushi/vec4 0, 0, 8;
    %assign/vec4 v0000022405d5b570_0, 0;
    %load/vec4 v0000022405d5bed0_0;
    %dup/vec4;
    %pushi/vec4 0, 0, 2;
    %cmp/u;
    %jmp/1 T_5.4, 6;
    %dup/vec4;
    %pushi/vec4 1, 0, 2;
    %cmp/u;
    %jmp/1 T_5.5, 6;
    %dup/vec4;
    %pushi/vec4 2, 0, 2;
    %cmp/u;
    %jmp/1 T_5.6, 6;
    %pushi/vec4 0, 0, 2;
    %assign/vec4 v0000022405d5bed0_0, 0;
    %jmp T_5.8;
T_5.4 ;
    %pushi/vec4 1, 0, 2;
    %assign/vec4 v0000022405d5bed0_0, 0;
    %jmp T_5.8;
T_5.5 ;
    %pushi/vec4 2, 0, 2;
    %assign/vec4 v0000022405d5bed0_0, 0;
    %jmp T_5.8;
T_5.6 ;
    %pushi/vec4 0, 0, 2;
    %assign/vec4 v0000022405d5bed0_0, 0;
    %jmp T_5.8;
T_5.8 ;
    %pop/vec4 1;
    %jmp T_5.3;
T_5.2 ;
    %load/vec4 v0000022405d5b570_0;
    %addi 1, 0, 8;
    %assign/vec4 v0000022405d5b570_0, 0;
T_5.3 ;
T_5.1 ;
    %jmp T_5;
    .thread T_5;
    .scope S_0000022405cfce20;
T_6 ;
    %wait E_0000022405cd7640;
    %load/vec4 v0000022405d5bed0_0;
    %dup/vec4;
    %pushi/vec4 0, 0, 2;
    %cmp/u;
    %jmp/1 T_6.0, 6;
    %dup/vec4;
    %pushi/vec4 1, 0, 2;
    %cmp/u;
    %jmp/1 T_6.1, 6;
    %dup/vec4;
    %pushi/vec4 2, 0, 2;
    %cmp/u;
    %jmp/1 T_6.2, 6;
    %pushi/vec4 0, 0, 8;
    %store/vec4 v0000022405d5bcf0_0, 0, 8;
    %pushi/vec4 0, 0, 8;
    %store/vec4 v0000022405d5a8f0_0, 0, 8;
    %pushi/vec4 0, 0, 8;
    %store/vec4 v0000022405d5deb0_0, 0, 8;
    %pushi/vec4 0, 0, 8;
    %store/vec4 v0000022405d5b6b0_0, 0, 8;
    %jmp T_6.4;
T_6.0 ;
    %pushi/vec4 80, 0, 8;
    %store/vec4 v0000022405d5bcf0_0, 0, 8;
    %pushi/vec4 20, 0, 8;
    %store/vec4 v0000022405d5a8f0_0, 0, 8;
    %pushi/vec4 30, 0, 8;
    %store/vec4 v0000022405d5deb0_0, 0, 8;
    %pushi/vec4 15, 0, 8;
    %store/vec4 v0000022405d5b6b0_0, 0, 8;
    %jmp T_6.4;
T_6.1 ;
    %pushi/vec4 50, 0, 8;
    %store/vec4 v0000022405d5bcf0_0, 0, 8;
    %pushi/vec4 50, 0, 8;
    %store/vec4 v0000022405d5a8f0_0, 0, 8;
    %pushi/vec4 40, 0, 8;
    %store/vec4 v0000022405d5deb0_0, 0, 8;
    %pushi/vec4 45, 0, 8;
    %store/vec4 v0000022405d5b6b0_0, 0, 8;
    %jmp T_6.4;
T_6.2 ;
    %pushi/vec4 20, 0, 8;
    %store/vec4 v0000022405d5bcf0_0, 0, 8;
    %pushi/vec4 80, 0, 8;
    %store/vec4 v0000022405d5a8f0_0, 0, 8;
    %pushi/vec4 60, 0, 8;
    %store/vec4 v0000022405d5deb0_0, 0, 8;
    %pushi/vec4 85, 0, 8;
    %store/vec4 v0000022405d5b6b0_0, 0, 8;
    %jmp T_6.4;
T_6.4 ;
    %pop/vec4 1;
    %jmp T_6;
    .thread T_6, $push;
    .scope S_0000022405c78830;
T_7 ;
    %wait E_0000022405cd58c0;
    %load/vec4 v0000022405ceb200_0;
    %flag_set/vec4 8;
    %jmp/0xz  T_7.0, 8;
    %pushi/vec4 0, 0, 8;
    %assign/vec4 v0000022405cea300_0, 0;
    %pushi/vec4 0, 0, 8;
    %assign/vec4 v0000022405ce9f40_0, 0;
    %pushi/vec4 0, 0, 8;
    %assign/vec4 v0000022405ce9ea0_0, 0;
    %pushi/vec4 0, 0, 8;
    %assign/vec4 v0000022405ce97c0_0, 0;
    %jmp T_7.1;
T_7.0 ;
    %load/vec4 v0000022405cea760_0;
    %assign/vec4 v0000022405cea300_0, 0;
    %load/vec4 v0000022405cea300_0;
    %assign/vec4 v0000022405ce9f40_0, 0;
    %load/vec4 v0000022405ce9f40_0;
    %assign/vec4 v0000022405ce9ea0_0, 0;
    %load/vec4 v0000022405ce9d60_0;
    %assign/vec4 v0000022405ce97c0_0, 0;
T_7.1 ;
    %jmp T_7;
    .thread T_7;
    .scope S_0000022405c6c860;
T_8 ;
    %wait E_0000022405cd58c0;
    %load/vec4 v0000022405d53c20_0;
    %flag_set/vec4 8;
    %jmp/0xz  T_8.0, 8;
    %pushi/vec4 0, 0, 8;
    %assign/vec4 v0000022405d52fa0_0, 0;
    %pushi/vec4 0, 0, 8;
    %assign/vec4 v0000022405d53680_0, 0;
    %pushi/vec4 0, 0, 8;
    %assign/vec4 v0000022405d52a00_0, 0;
    %pushi/vec4 0, 0, 8;
    %assign/vec4 v0000022405d52aa0_0, 0;
    %jmp T_8.1;
T_8.0 ;
    %load/vec4 v0000022405d534a0_0;
    %assign/vec4 v0000022405d52fa0_0, 0;
    %load/vec4 v0000022405d52fa0_0;
    %assign/vec4 v0000022405d53680_0, 0;
    %load/vec4 v0000022405d53680_0;
    %assign/vec4 v0000022405d52a00_0, 0;
    %load/vec4 v0000022405d53b80_0;
    %assign/vec4 v0000022405d52aa0_0, 0;
T_8.1 ;
    %jmp T_8;
    .thread T_8;
    .scope S_0000022405cfc4c0;
T_9 ;
    %wait E_0000022405cd58c0;
    %load/vec4 v0000022405d5f490_0;
    %flag_set/vec4 8;
    %jmp/0xz  T_9.0, 8;
    %pushi/vec4 0, 0, 8;
    %assign/vec4 v0000022405d5d870_0, 0;
    %pushi/vec4 0, 0, 8;
    %assign/vec4 v0000022405d5e950_0, 0;
    %pushi/vec4 0, 0, 8;
    %assign/vec4 v0000022405d5dc30_0, 0;
    %pushi/vec4 0, 0, 8;
    %assign/vec4 v0000022405d5eef0_0, 0;
    %jmp T_9.1;
T_9.0 ;
    %load/vec4 v0000022405d5df50_0;
    %assign/vec4 v0000022405d5d870_0, 0;
    %load/vec4 v0000022405d5d870_0;
    %assign/vec4 v0000022405d5e950_0, 0;
    %load/vec4 v0000022405d5e950_0;
    %assign/vec4 v0000022405d5dc30_0, 0;
    %load/vec4 v0000022405d5d730_0;
    %assign/vec4 v0000022405d5eef0_0, 0;
T_9.1 ;
    %jmp T_9;
    .thread T_9;
    .scope S_0000022405c53730;
T_10 ;
    %wait E_0000022405cd58c0;
    %load/vec4 v0000022405d59600_0;
    %flag_set/vec4 8;
    %jmp/0xz  T_10.0, 8;
    %pushi/vec4 0, 0, 8;
    %assign/vec4 v0000022405d58ca0_0, 0;
    %pushi/vec4 0, 0, 8;
    %assign/vec4 v0000022405d59e20_0, 0;
    %pushi/vec4 0, 0, 8;
    %assign/vec4 v0000022405d594c0_0, 0;
    %pushi/vec4 0, 0, 8;
    %assign/vec4 v0000022405d59f60_0, 0;
    %jmp T_10.1;
T_10.0 ;
    %load/vec4 v0000022405d59740_0;
    %assign/vec4 v0000022405d58ca0_0, 0;
    %load/vec4 v0000022405d58ca0_0;
    %assign/vec4 v0000022405d59e20_0, 0;
    %load/vec4 v0000022405d59e20_0;
    %assign/vec4 v0000022405d594c0_0, 0;
    %load/vec4 v0000022405d58c00_0;
    %assign/vec4 v0000022405d59f60_0, 0;
T_10.1 ;
    %jmp T_10;
    .thread T_10;
    .scope S_0000022405c5f5b0;
T_11 ;
    %wait E_0000022405cd58c0;
    %load/vec4 v0000022405cc34f0_0;
    %flag_set/vec4 8;
    %jmp/0xz  T_11.0, 8;
    %pushi/vec4 0, 0, 2;
    %assign/vec4 v0000022405d539a0_0, 0;
    %pushi/vec4 0, 0, 3;
    %assign/vec4 v0000022405cb98e0_0, 0;
    %pushi/vec4 0, 0, 18;
    %assign/vec4 v0000022405cb92a0_0, 0;
    %pushi/vec4 0, 0, 16;
    %assign/vec4 v0000022405cc5110_0, 0;
    %pushi/vec4 0, 0, 1;
    %assign/vec4 v0000022405cc3450_0, 0;
    %pushi/vec4 0, 0, 32;
    %store/vec4 v0000022405cc4990_0, 0, 32;
T_11.2 ;
    %load/vec4 v0000022405cc4990_0;
    %cmpi/s 4, 0, 32;
    %jmp/0xz T_11.3, 5;
    %pushi/vec4 0, 0, 16;
    %ix/getv/s 3, v0000022405cc4990_0;
    %ix/load 4, 0, 0; Constant delay
    %assign/vec4/a/d v0000022405cb9340, 0, 4;
    %load/vec4 v0000022405cc4990_0;
    %addi 1, 0, 32;
    %store/vec4 v0000022405cc4990_0, 0, 32;
    %jmp T_11.2;
T_11.3 ;
    %jmp T_11.1;
T_11.0 ;
    %load/vec4 v0000022405cc4fd0_0;
    %load/vec4 v0000022405d539a0_0;
    %pad/u 4;
    %ix/vec4 3;
    %ix/load 4, 0, 0; Constant delay
    %assign/vec4/a/d v0000022405cb9340, 0, 4;
    %load/vec4 v0000022405cb9700_0;
    %assign/vec4 v0000022405cb92a0_0, 0;
    %load/vec4 v0000022405d539a0_0;
    %pad/u 32;
    %cmpi/e 3, 0, 32;
    %jmp/0xz  T_11.4, 4;
    %pushi/vec4 0, 0, 2;
    %assign/vec4 v0000022405d539a0_0, 0;
    %jmp T_11.5;
T_11.4 ;
    %load/vec4 v0000022405d539a0_0;
    %addi 1, 0, 2;
    %assign/vec4 v0000022405d539a0_0, 0;
T_11.5 ;
    %load/vec4 v0000022405cb98e0_0;
    %pad/u 32;
    %cmpi/u 4, 0, 32;
    %jmp/0xz  T_11.6, 5;
    %load/vec4 v0000022405cb98e0_0;
    %addi 1, 0, 3;
    %assign/vec4 v0000022405cb98e0_0, 0;
T_11.6 ;
    %load/vec4 v0000022405cb98e0_0;
    %pad/u 32;
    %cmpi/e 3, 0, 32;
    %jmp/0xz  T_11.8, 4;
    %pushi/vec4 1, 0, 1;
    %assign/vec4 v0000022405cc3450_0, 0;
T_11.8 ;
    %load/vec4 v0000022405cb98e0_0;
    %pad/u 32;
    %cmpi/u 3, 0, 32;
    %flag_inv 5; GE is !LT
    %jmp/0xz  T_11.10, 5;
    %load/vec4 v0000022405cb9700_0;
    %ix/load 4, 2, 0;
    %flag_set/imm 4, 0;
    %shiftr 4;
    %pad/u 16;
    %assign/vec4 v0000022405cc5110_0, 0;
T_11.10 ;
T_11.1 ;
    %jmp T_11;
    .thread T_11;
    .scope S_0000022405c6c9f0;
T_12 ;
    %wait E_0000022405cd58c0;
    %load/vec4 v0000022405d52780_0;
    %flag_set/vec4 8;
    %jmp/0xz  T_12.0, 8;
    %pushi/vec4 0, 0, 2;
    %assign/vec4 v0000022405d597e0_0, 0;
    %pushi/vec4 0, 0, 3;
    %assign/vec4 v0000022405d528c0_0, 0;
    %pushi/vec4 0, 0, 18;
    %assign/vec4 v0000022405d53180_0, 0;
    %pushi/vec4 0, 0, 16;
    %assign/vec4 v0000022405d52be0_0, 0;
    %pushi/vec4 0, 0, 1;
    %assign/vec4 v0000022405d52640_0, 0;
    %pushi/vec4 0, 0, 32;
    %store/vec4 v0000022405d543a0_0, 0, 32;
T_12.2 ;
    %load/vec4 v0000022405d543a0_0;
    %cmpi/s 4, 0, 32;
    %jmp/0xz T_12.3, 5;
    %pushi/vec4 0, 0, 16;
    %ix/getv/s 3, v0000022405d543a0_0;
    %ix/load 4, 0, 0; Constant delay
    %assign/vec4/a/d v0000022405d52960, 0, 4;
    %load/vec4 v0000022405d543a0_0;
    %addi 1, 0, 32;
    %store/vec4 v0000022405d543a0_0, 0, 32;
    %jmp T_12.2;
T_12.3 ;
    %jmp T_12.1;
T_12.0 ;
    %load/vec4 v0000022405d52820_0;
    %load/vec4 v0000022405d597e0_0;
    %pad/u 4;
    %ix/vec4 3;
    %ix/load 4, 0, 0; Constant delay
    %assign/vec4/a/d v0000022405d52960, 0, 4;
    %load/vec4 v0000022405d52c80_0;
    %assign/vec4 v0000022405d53180_0, 0;
    %load/vec4 v0000022405d597e0_0;
    %pad/u 32;
    %cmpi/e 3, 0, 32;
    %jmp/0xz  T_12.4, 4;
    %pushi/vec4 0, 0, 2;
    %assign/vec4 v0000022405d597e0_0, 0;
    %jmp T_12.5;
T_12.4 ;
    %load/vec4 v0000022405d597e0_0;
    %addi 1, 0, 2;
    %assign/vec4 v0000022405d597e0_0, 0;
T_12.5 ;
    %load/vec4 v0000022405d528c0_0;
    %pad/u 32;
    %cmpi/u 4, 0, 32;
    %jmp/0xz  T_12.6, 5;
    %load/vec4 v0000022405d528c0_0;
    %addi 1, 0, 3;
    %assign/vec4 v0000022405d528c0_0, 0;
T_12.6 ;
    %load/vec4 v0000022405d528c0_0;
    %pad/u 32;
    %cmpi/e 3, 0, 32;
    %jmp/0xz  T_12.8, 4;
    %pushi/vec4 1, 0, 1;
    %assign/vec4 v0000022405d52640_0, 0;
T_12.8 ;
    %load/vec4 v0000022405d528c0_0;
    %pad/u 32;
    %cmpi/u 3, 0, 32;
    %flag_inv 5; GE is !LT
    %jmp/0xz  T_12.10, 5;
    %load/vec4 v0000022405d52c80_0;
    %ix/load 4, 2, 0;
    %flag_set/imm 4, 0;
    %shiftr 4;
    %pad/u 16;
    %assign/vec4 v0000022405d52be0_0, 0;
T_12.10 ;
T_12.1 ;
    %jmp T_12;
    .thread T_12;
    .scope S_0000022405cfcfb0;
T_13 ;
    %wait E_0000022405cd58c0;
    %load/vec4 v0000022405d5f2b0_0;
    %flag_set/vec4 8;
    %jmp/0xz  T_13.0, 8;
    %pushi/vec4 0, 0, 2;
    %assign/vec4 v0000022405d62a10_0, 0;
    %pushi/vec4 0, 0, 3;
    %assign/vec4 v0000022405d5e6d0_0, 0;
    %pushi/vec4 0, 0, 18;
    %assign/vec4 v0000022405d5ec70_0, 0;
    %pushi/vec4 0, 0, 16;
    %assign/vec4 v0000022405d5e310_0, 0;
    %pushi/vec4 0, 0, 1;
    %assign/vec4 v0000022405d5e4f0_0, 0;
    %pushi/vec4 0, 0, 32;
    %store/vec4 v0000022405d5e9f0_0, 0, 32;
T_13.2 ;
    %load/vec4 v0000022405d5e9f0_0;
    %cmpi/s 4, 0, 32;
    %jmp/0xz T_13.3, 5;
    %pushi/vec4 0, 0, 16;
    %ix/getv/s 3, v0000022405d5e9f0_0;
    %ix/load 4, 0, 0; Constant delay
    %assign/vec4/a/d v0000022405d5e770, 0, 4;
    %load/vec4 v0000022405d5e9f0_0;
    %addi 1, 0, 32;
    %store/vec4 v0000022405d5e9f0_0, 0, 32;
    %jmp T_13.2;
T_13.3 ;
    %jmp T_13.1;
T_13.0 ;
    %load/vec4 v0000022405d5ebd0_0;
    %load/vec4 v0000022405d62a10_0;
    %pad/u 4;
    %ix/vec4 3;
    %ix/load 4, 0, 0; Constant delay
    %assign/vec4/a/d v0000022405d5e770, 0, 4;
    %load/vec4 v0000022405d5d690_0;
    %assign/vec4 v0000022405d5ec70_0, 0;
    %load/vec4 v0000022405d62a10_0;
    %pad/u 32;
    %cmpi/e 3, 0, 32;
    %jmp/0xz  T_13.4, 4;
    %pushi/vec4 0, 0, 2;
    %assign/vec4 v0000022405d62a10_0, 0;
    %jmp T_13.5;
T_13.4 ;
    %load/vec4 v0000022405d62a10_0;
    %addi 1, 0, 2;
    %assign/vec4 v0000022405d62a10_0, 0;
T_13.5 ;
    %load/vec4 v0000022405d5e6d0_0;
    %pad/u 32;
    %cmpi/u 4, 0, 32;
    %jmp/0xz  T_13.6, 5;
    %load/vec4 v0000022405d5e6d0_0;
    %addi 1, 0, 3;
    %assign/vec4 v0000022405d5e6d0_0, 0;
T_13.6 ;
    %load/vec4 v0000022405d5e6d0_0;
    %pad/u 32;
    %cmpi/e 3, 0, 32;
    %jmp/0xz  T_13.8, 4;
    %pushi/vec4 1, 0, 1;
    %assign/vec4 v0000022405d5e4f0_0, 0;
T_13.8 ;
    %load/vec4 v0000022405d5e6d0_0;
    %pad/u 32;
    %cmpi/u 3, 0, 32;
    %flag_inv 5; GE is !LT
    %jmp/0xz  T_13.10, 5;
    %load/vec4 v0000022405d5d690_0;
    %ix/load 4, 2, 0;
    %flag_set/imm 4, 0;
    %shiftr 4;
    %pad/u 16;
    %assign/vec4 v0000022405d5e310_0, 0;
T_13.10 ;
T_13.1 ;
    %jmp T_13;
    .thread T_13;
    .scope S_0000022405c538c0;
T_14 ;
    %wait E_0000022405cd58c0;
    %load/vec4 v0000022405d5b930_0;
    %flag_set/vec4 8;
    %jmp/0xz  T_14.0, 8;
    %pushi/vec4 0, 0, 2;
    %assign/vec4 v0000022405d5ab70_0, 0;
    %pushi/vec4 0, 0, 3;
    %assign/vec4 v0000022405d5bd90_0, 0;
    %pushi/vec4 0, 0, 18;
    %assign/vec4 v0000022405d5bf70_0, 0;
    %pushi/vec4 0, 0, 16;
    %assign/vec4 v0000022405d5a990_0, 0;
    %pushi/vec4 0, 0, 1;
    %assign/vec4 v0000022405d5c330_0, 0;
    %pushi/vec4 0, 0, 32;
    %store/vec4 v0000022405d59100_0, 0, 32;
T_14.2 ;
    %load/vec4 v0000022405d59100_0;
    %cmpi/s 4, 0, 32;
    %jmp/0xz T_14.3, 5;
    %pushi/vec4 0, 0, 16;
    %ix/getv/s 3, v0000022405d59100_0;
    %ix/load 4, 0, 0; Constant delay
    %assign/vec4/a/d v0000022405d5aad0, 0, 4;
    %load/vec4 v0000022405d59100_0;
    %addi 1, 0, 32;
    %store/vec4 v0000022405d59100_0, 0, 32;
    %jmp T_14.2;
T_14.3 ;
    %jmp T_14.1;
T_14.0 ;
    %load/vec4 v0000022405d592e0_0;
    %load/vec4 v0000022405d5ab70_0;
    %pad/u 4;
    %ix/vec4 3;
    %ix/load 4, 0, 0; Constant delay
    %assign/vec4/a/d v0000022405d5aad0, 0, 4;
    %load/vec4 v0000022405d5b110_0;
    %assign/vec4 v0000022405d5bf70_0, 0;
    %load/vec4 v0000022405d5ab70_0;
    %pad/u 32;
    %cmpi/e 3, 0, 32;
    %jmp/0xz  T_14.4, 4;
    %pushi/vec4 0, 0, 2;
    %assign/vec4 v0000022405d5ab70_0, 0;
    %jmp T_14.5;
T_14.4 ;
    %load/vec4 v0000022405d5ab70_0;
    %addi 1, 0, 2;
    %assign/vec4 v0000022405d5ab70_0, 0;
T_14.5 ;
    %load/vec4 v0000022405d5bd90_0;
    %pad/u 32;
    %cmpi/u 4, 0, 32;
    %jmp/0xz  T_14.6, 5;
    %load/vec4 v0000022405d5bd90_0;
    %addi 1, 0, 3;
    %assign/vec4 v0000022405d5bd90_0, 0;
T_14.6 ;
    %load/vec4 v0000022405d5bd90_0;
    %pad/u 32;
    %cmpi/e 3, 0, 32;
    %jmp/0xz  T_14.8, 4;
    %pushi/vec4 1, 0, 1;
    %assign/vec4 v0000022405d5c330_0, 0;
T_14.8 ;
    %load/vec4 v0000022405d5bd90_0;
    %pad/u 32;
    %cmpi/u 3, 0, 32;
    %flag_inv 5; GE is !LT
    %jmp/0xz  T_14.10, 5;
    %load/vec4 v0000022405d5b110_0;
    %ix/load 4, 2, 0;
    %flag_set/imm 4, 0;
    %shiftr 4;
    %pad/u 16;
    %assign/vec4 v0000022405d5a990_0, 0;
T_14.10 ;
T_14.1 ;
    %jmp T_14;
    .thread T_14;
    .scope S_0000022405c3fa70;
T_15 ;
    %wait E_0000022405cd58c0;
    %load/vec4 v0000022405d59880_0;
    %flag_set/vec4 8;
    %jmp/0xz  T_15.0, 8;
    %pushi/vec4 0, 0, 32;
    %assign/vec4 v0000022405d59560_0, 0;
    %jmp T_15.1;
T_15.0 ;
    %load/vec4 v0000022405d591a0_0;
    %load/vec4 v0000022405d59240_0;
    %concat/vec4; draw_concat_vec4
    %load/vec4 v0000022405d58980_0;
    %concat/vec4; draw_concat_vec4
    %load/vec4 v0000022405d5a500_0;
    %concat/vec4; draw_concat_vec4
    %assign/vec4 v0000022405d59560_0, 0;
T_15.1 ;
    %jmp T_15;
    .thread T_15;
    .scope S_0000022405cfc970;
T_16 ;
    %wait E_0000022405cd5400;
    %load/vec4 v0000022405d5ac10_0;
    %cmpi/u 65, 0, 8;
    %flag_inv 5; GE is !LT
    %jmp/0xz  T_16.0, 5;
    %pushi/vec4 0, 0, 2;
    %store/vec4 v0000022405d5af30_0, 0, 2;
    %jmp T_16.1;
T_16.0 ;
    %load/vec4 v0000022405d5ac10_0;
    %cmpi/u 34, 0, 8;
    %flag_or 5, 4; GT is !LE
    %flag_inv 5;
    %jmp/0xz  T_16.2, 5;
    %pushi/vec4 1, 0, 2;
    %store/vec4 v0000022405d5af30_0, 0, 2;
    %jmp T_16.3;
T_16.2 ;
    %pushi/vec4 2, 0, 2;
    %store/vec4 v0000022405d5af30_0, 0, 2;
T_16.3 ;
T_16.1 ;
    %jmp T_16;
    .thread T_16, $push;
    .scope S_0000022405cfc650;
T_17 ;
    %wait E_0000022405cd7180;
    %load/vec4 v0000022405d5be30_0;
    %cmpi/u 35, 0, 8;
    %flag_or 5, 4;
    %jmp/0xz  T_17.0, 5;
    %pushi/vec4 0, 0, 2;
    %store/vec4 v0000022405d5b1b0_0, 0, 2;
    %jmp T_17.1;
T_17.0 ;
    %load/vec4 v0000022405d5be30_0;
    %cmpi/u 65, 0, 8;
    %jmp/0xz  T_17.2, 5;
    %pushi/vec4 1, 0, 2;
    %store/vec4 v0000022405d5b1b0_0, 0, 2;
    %jmp T_17.3;
T_17.2 ;
    %pushi/vec4 2, 0, 2;
    %store/vec4 v0000022405d5b1b0_0, 0, 2;
T_17.3 ;
T_17.1 ;
    %jmp T_17;
    .thread T_17, $push;
    .scope S_0000022405cfd140;
T_18 ;
    %wait E_0000022405cd8080;
    %load/vec4 v0000022405d5b2f0_0;
    %cmpi/u 35, 0, 8;
    %flag_or 5, 4;
    %jmp/0xz  T_18.0, 5;
    %pushi/vec4 0, 0, 2;
    %store/vec4 v0000022405d5a670_0, 0, 2;
    %jmp T_18.1;
T_18.0 ;
    %load/vec4 v0000022405d5b2f0_0;
    %cmpi/u 55, 0, 8;
    %jmp/0xz  T_18.2, 5;
    %pushi/vec4 1, 0, 2;
    %store/vec4 v0000022405d5a670_0, 0, 2;
    %jmp T_18.3;
T_18.2 ;
    %pushi/vec4 2, 0, 2;
    %store/vec4 v0000022405d5a670_0, 0, 2;
T_18.3 ;
T_18.1 ;
    %jmp T_18;
    .thread T_18, $push;
    .scope S_0000022405cfcb00;
T_19 ;
    %wait E_0000022405cd7500;
    %load/vec4 v0000022405d5a850_0;
    %cmpi/u 30, 0, 8;
    %flag_or 5, 4;
    %jmp/0xz  T_19.0, 5;
    %pushi/vec4 0, 0, 2;
    %store/vec4 v0000022405d5b750_0, 0, 2;
    %jmp T_19.1;
T_19.0 ;
    %load/vec4 v0000022405d5a850_0;
    %cmpi/u 65, 0, 8;
    %jmp/0xz  T_19.2, 5;
    %pushi/vec4 1, 0, 2;
    %store/vec4 v0000022405d5b750_0, 0, 2;
    %jmp T_19.3;
T_19.2 ;
    %pushi/vec4 2, 0, 2;
    %store/vec4 v0000022405d5b750_0, 0, 2;
T_19.3 ;
T_19.1 ;
    %jmp T_19;
    .thread T_19, $push;
    .scope S_0000022405cfc7e0;
T_20 ;
    %wait E_0000022405cd7a00;
    %pushi/vec4 0, 0, 3;
    %load/vec4 v0000022405d5b250_0;
    %concat/vec4; draw_concat_vec4
    %ix/load 4, 1, 0;
    %flag_set/imm 4, 0;
    %shiftl 4;
    %pushi/vec4 0, 0, 3;
    %load/vec4 v0000022405d5b9d0_0;
    %concat/vec4; draw_concat_vec4
    %ix/load 4, 1, 0;
    %flag_set/imm 4, 0;
    %shiftl 4;
    %add;
    %pushi/vec4 0, 0, 3;
    %load/vec4 v0000022405d5acb0_0;
    %concat/vec4; draw_concat_vec4
    %add;
    %pushi/vec4 0, 0, 3;
    %load/vec4 v0000022405d5c290_0;
    %concat/vec4; draw_concat_vec4
    %muli 3, 0, 5;
    %add;
    %store/vec4 v0000022405d5c3d0_0, 0, 5;
    %load/vec4 v0000022405d5c3d0_0;
    %cmpi/u 4, 0, 5;
    %flag_or 5, 4;
    %jmp/0xz  T_20.0, 5;
    %pushi/vec4 0, 0, 2;
    %store/vec4 v0000022405d5ad50_0, 0, 2;
    %jmp T_20.1;
T_20.0 ;
    %load/vec4 v0000022405d5c3d0_0;
    %cmpi/u 11, 0, 5;
    %flag_inv 5; GE is !LT
    %jmp/0xz  T_20.2, 5;
    %pushi/vec4 2, 0, 2;
    %store/vec4 v0000022405d5ad50_0, 0, 2;
    %jmp T_20.3;
T_20.2 ;
    %pushi/vec4 1, 0, 2;
    %store/vec4 v0000022405d5ad50_0, 0, 2;
T_20.3 ;
T_20.1 ;
    %jmp T_20;
    .thread T_20, $push;
    .scope S_0000022405cfcc90;
T_21 ;
    %wait E_0000022405cd58c0;
    %load/vec4 v0000022405d5c510_0;
    %flag_set/vec4 8;
    %jmp/0xz  T_21.0, 8;
    %pushi/vec4 0, 0, 2;
    %assign/vec4 v0000022405d5c010_0, 0;
    %pushi/vec4 0, 0, 1;
    %assign/vec4 v0000022405d5c470_0, 0;
    %pushi/vec4 0, 0, 1;
    %assign/vec4 v0000022405d5b890_0, 0;
    %jmp T_21.1;
T_21.0 ;
    %load/vec4 v0000022405d5c010_0;
    %dup/vec4;
    %pushi/vec4 0, 0, 2;
    %cmp/u;
    %jmp/1 T_21.2, 6;
    %dup/vec4;
    %pushi/vec4 1, 0, 2;
    %cmp/u;
    %jmp/1 T_21.3, 6;
    %dup/vec4;
    %pushi/vec4 2, 0, 2;
    %cmp/u;
    %jmp/1 T_21.4, 6;
    %pushi/vec4 0, 0, 2;
    %assign/vec4 v0000022405d5c010_0, 0;
    %pushi/vec4 0, 0, 1;
    %assign/vec4 v0000022405d5c470_0, 0;
    %pushi/vec4 0, 0, 1;
    %assign/vec4 v0000022405d5b890_0, 0;
    %jmp T_21.6;
T_21.2 ;
    %pushi/vec4 0, 0, 1;
    %assign/vec4 v0000022405d5c470_0, 0;
    %pushi/vec4 0, 0, 1;
    %assign/vec4 v0000022405d5b890_0, 0;
    %load/vec4 v0000022405d5ba70_0;
    %dup/vec4;
    %pushi/vec4 2, 0, 2;
    %cmp/u;
    %jmp/1 T_21.7, 6;
    %dup/vec4;
    %pushi/vec4 1, 0, 2;
    %cmp/u;
    %jmp/1 T_21.8, 6;
    %pushi/vec4 0, 0, 2;
    %assign/vec4 v0000022405d5c010_0, 0;
    %jmp T_21.10;
T_21.7 ;
    %load/vec4 v0000022405d5b7f0_0;
    %cmpi/u 14, 0, 5;
    %flag_inv 5; GE is !LT
    %jmp/0xz  T_21.11, 5;
    %pushi/vec4 2, 0, 2;
    %assign/vec4 v0000022405d5c010_0, 0;
    %jmp T_21.12;
T_21.11 ;
    %pushi/vec4 1, 0, 2;
    %assign/vec4 v0000022405d5c010_0, 0;
T_21.12 ;
    %jmp T_21.10;
T_21.8 ;
    %pushi/vec4 1, 0, 2;
    %assign/vec4 v0000022405d5c010_0, 0;
    %jmp T_21.10;
T_21.10 ;
    %pop/vec4 1;
    %jmp T_21.6;
T_21.3 ;
    %pushi/vec4 0, 0, 1;
    %assign/vec4 v0000022405d5b890_0, 0;
    %load/vec4 v0000022405d5ba70_0;
    %dup/vec4;
    %pushi/vec4 0, 0, 2;
    %cmp/u;
    %jmp/1 T_21.13, 6;
    %dup/vec4;
    %pushi/vec4 2, 0, 2;
    %cmp/u;
    %jmp/1 T_21.14, 6;
    %pushi/vec4 1, 0, 2;
    %assign/vec4 v0000022405d5c010_0, 0;
    %pushi/vec4 0, 0, 1;
    %assign/vec4 v0000022405d5c470_0, 0;
    %jmp T_21.16;
T_21.13 ;
    %load/vec4 v0000022405d5c470_0;
    %flag_set/vec4 8;
    %jmp/0xz  T_21.17, 8;
    %pushi/vec4 0, 0, 2;
    %assign/vec4 v0000022405d5c010_0, 0;
    %pushi/vec4 0, 0, 1;
    %assign/vec4 v0000022405d5c470_0, 0;
    %jmp T_21.18;
T_21.17 ;
    %pushi/vec4 1, 0, 2;
    %assign/vec4 v0000022405d5c010_0, 0;
    %pushi/vec4 1, 0, 1;
    %assign/vec4 v0000022405d5c470_0, 0;
T_21.18 ;
    %jmp T_21.16;
T_21.14 ;
    %pushi/vec4 2, 0, 2;
    %assign/vec4 v0000022405d5c010_0, 0;
    %pushi/vec4 0, 0, 1;
    %assign/vec4 v0000022405d5c470_0, 0;
    %jmp T_21.16;
T_21.16 ;
    %pop/vec4 1;
    %jmp T_21.6;
T_21.4 ;
    %pushi/vec4 0, 0, 1;
    %assign/vec4 v0000022405d5c470_0, 0;
    %load/vec4 v0000022405d5ba70_0;
    %dup/vec4;
    %pushi/vec4 0, 0, 2;
    %cmp/u;
    %jmp/1 T_21.19, 6;
    %dup/vec4;
    %pushi/vec4 1, 0, 2;
    %cmp/u;
    %jmp/1 T_21.20, 6;
    %pushi/vec4 2, 0, 2;
    %assign/vec4 v0000022405d5c010_0, 0;
    %pushi/vec4 0, 0, 1;
    %assign/vec4 v0000022405d5b890_0, 0;
    %jmp T_21.22;
T_21.19 ;
    %pushi/vec4 1, 0, 2;
    %assign/vec4 v0000022405d5c010_0, 0;
    %pushi/vec4 1, 0, 1;
    %assign/vec4 v0000022405d5c470_0, 0;
    %pushi/vec4 0, 0, 1;
    %assign/vec4 v0000022405d5b890_0, 0;
    %jmp T_21.22;
T_21.20 ;
    %load/vec4 v0000022405d5b890_0;
    %flag_set/vec4 8;
    %jmp/0xz  T_21.23, 8;
    %pushi/vec4 1, 0, 2;
    %assign/vec4 v0000022405d5c010_0, 0;
    %pushi/vec4 0, 0, 1;
    %assign/vec4 v0000022405d5b890_0, 0;
    %jmp T_21.24;
T_21.23 ;
    %pushi/vec4 2, 0, 2;
    %assign/vec4 v0000022405d5c010_0, 0;
    %pushi/vec4 1, 0, 1;
    %assign/vec4 v0000022405d5b890_0, 0;
T_21.24 ;
    %jmp T_21.22;
T_21.22 ;
    %pop/vec4 1;
    %jmp T_21.6;
T_21.6 ;
    %pop/vec4 1;
T_21.1 ;
    %jmp T_21;
    .thread T_21;
    .scope S_0000022405c45350;
T_22 ;
    %delay 5000, 0;
    %load/vec4 v0000022405d63370_0;
    %inv;
    %store/vec4 v0000022405d63370_0, 0, 1;
    %jmp T_22;
    .thread T_22;
    .scope S_0000022405c45350;
T_23 ;
    %pushi/vec4 0, 0, 1;
    %store/vec4 v0000022405d63370_0, 0, 1;
    %pushi/vec4 1, 0, 1;
    %store/vec4 v0000022405d62150_0, 0, 1;
    %pushi/vec4 0, 0, 32;
    %store/vec4 v0000022405d62f10_0, 0, 32;
    %delay 20000, 0;
    %pushi/vec4 0, 0, 1;
    %store/vec4 v0000022405d62150_0, 0, 1;
    %pushi/vec4 12, 0, 32;
T_23.0 %dup/vec4;
    %pushi/vec4 0, 0, 32;
    %cmp/s;
    %jmp/1xz T_23.1, 5;
    %jmp/1 T_23.1, 4;
    %pushi/vec4 1, 0, 32;
    %sub;
    %wait E_0000022405cd6200;
    %jmp T_23.0;
T_23.1 ;
    %pop/vec4 1;
    %delay 1000, 0;
    %alloc S_0000022405c454e0;
    %pushi/vec4 0, 0, 2;
    %store/vec4 v0000022405cea8a0_0, 0, 2;
    %pushi/vec4 0, 0, 2;
    %store/vec4 v0000022405ce9cc0_0, 0, 2;
    %pushi/vec4 0, 0, 2;
    %store/vec4 v0000022405ce9900_0, 0, 2;
    %pushi/vec4 0, 0, 5;
    %store/vec4 v0000022405cea940_0, 0, 5;
    %fork TD_pain_classification_system_top_tb.check_snapshot, S_0000022405c454e0;
    %join;
    %free S_0000022405c454e0;
T_23.2 ;
    %load/vec4 v0000022405d62330_0;
    %pushi/vec4 1, 0, 2;
    %cmp/e;
    %flag_get/vec4 4;
    %cmpi/ne 1, 0, 1;
    %jmp/0xz T_23.3, 6;
    %wait E_0000022405cd7640;
    %jmp T_23.2;
T_23.3 ;
    %pushi/vec4 8, 0, 32;
T_23.4 %dup/vec4;
    %pushi/vec4 0, 0, 32;
    %cmp/s;
    %jmp/1xz T_23.5, 5;
    %jmp/1 T_23.5, 4;
    %pushi/vec4 1, 0, 32;
    %sub;
    %wait E_0000022405cd6200;
    %jmp T_23.4;
T_23.5 ;
    %pop/vec4 1;
    %delay 1000, 0;
    %alloc S_0000022405c454e0;
    %pushi/vec4 1, 0, 2;
    %store/vec4 v0000022405cea8a0_0, 0, 2;
    %pushi/vec4 1, 0, 2;
    %store/vec4 v0000022405ce9cc0_0, 0, 2;
    %pushi/vec4 1, 0, 2;
    %store/vec4 v0000022405ce9900_0, 0, 2;
    %pushi/vec4 8, 0, 5;
    %store/vec4 v0000022405cea940_0, 0, 5;
    %fork TD_pain_classification_system_top_tb.check_snapshot, S_0000022405c454e0;
    %join;
    %free S_0000022405c454e0;
T_23.6 ;
    %load/vec4 v0000022405d62330_0;
    %pushi/vec4 2, 0, 2;
    %cmp/e;
    %flag_get/vec4 4;
    %cmpi/ne 1, 0, 1;
    %jmp/0xz T_23.7, 6;
    %wait E_0000022405cd7640;
    %jmp T_23.6;
T_23.7 ;
    %pushi/vec4 8, 0, 32;
T_23.8 %dup/vec4;
    %pushi/vec4 0, 0, 32;
    %cmp/s;
    %jmp/1xz T_23.9, 5;
    %jmp/1 T_23.9, 4;
    %pushi/vec4 1, 0, 32;
    %sub;
    %wait E_0000022405cd6200;
    %jmp T_23.8;
T_23.9 ;
    %pop/vec4 1;
    %delay 1000, 0;
    %alloc S_0000022405c454e0;
    %pushi/vec4 2, 0, 2;
    %store/vec4 v0000022405cea8a0_0, 0, 2;
    %pushi/vec4 2, 0, 2;
    %store/vec4 v0000022405ce9cc0_0, 0, 2;
    %pushi/vec4 2, 0, 2;
    %store/vec4 v0000022405ce9900_0, 0, 2;
    %pushi/vec4 16, 0, 5;
    %store/vec4 v0000022405cea940_0, 0, 5;
    %fork TD_pain_classification_system_top_tb.check_snapshot, S_0000022405c454e0;
    %join;
    %free S_0000022405c454e0;
T_23.10 ;
    %load/vec4 v0000022405d62330_0;
    %pushi/vec4 0, 0, 2;
    %cmp/e;
    %flag_get/vec4 4;
    %cmpi/ne 1, 0, 1;
    %jmp/0xz T_23.11, 6;
    %wait E_0000022405cd7640;
    %jmp T_23.10;
T_23.11 ;
    %pushi/vec4 8, 0, 32;
T_23.12 %dup/vec4;
    %pushi/vec4 0, 0, 32;
    %cmp/s;
    %jmp/1xz T_23.13, 5;
    %jmp/1 T_23.13, 4;
    %pushi/vec4 1, 0, 32;
    %sub;
    %wait E_0000022405cd6200;
    %jmp T_23.12;
T_23.13 ;
    %pop/vec4 1;
    %delay 1000, 0;
    %alloc S_0000022405c454e0;
    %pushi/vec4 0, 0, 2;
    %store/vec4 v0000022405cea8a0_0, 0, 2;
    %pushi/vec4 0, 0, 2;
    %store/vec4 v0000022405ce9cc0_0, 0, 2;
    %pushi/vec4 0, 0, 2;
    %store/vec4 v0000022405ce9900_0, 0, 2;
    %pushi/vec4 0, 0, 5;
    %store/vec4 v0000022405cea940_0, 0, 5;
    %fork TD_pain_classification_system_top_tb.check_snapshot, S_0000022405c454e0;
    %join;
    %free S_0000022405c454e0;
    %load/vec4 v0000022405d62f10_0;
    %cmpi/e 0, 0, 32;
    %jmp/0xz  T_23.14, 4;
    %vpi_call/w 3 135 "$display", "PASS: top-level pain classification system simulation checks succeeded." {0 0 0};
    %jmp T_23.15;
T_23.14 ;
    %vpi_call/w 3 137 "$display", "FAIL: top-level pain classification system simulation found %0d error(s).", v0000022405d62f10_0 {0 0 0};
T_23.15 ;
    %vpi_call/w 3 141 "$finish" {0 0 0};
    %end;
    .thread T_23;
    .scope S_0000022405c45350;
T_24 ;
    %vpi_call/w 3 145 "$monitor", "Time=%0t | synth_state=%0d | raw=(%0d,%0d,%0d,%0d) | filt=(%0d,%0d,%0d,%0d) | score=%0d | raw_level=%0d | class_state=%0d | pre_valid=%0b", $time, v0000022405d62330_0, v0000022405d62830_0, v0000022405d623d0_0, v0000022405d63e40_0, v0000022405d63410_0, v0000022405d621f0_0, v0000022405d62290_0, v0000022405d62c90_0, v0000022405d62790_0, v0000022405d61ed0_0, v0000022405d61f70_0, v0000022405d62650_0, v0000022405d62dd0_0 {0 0 0};
    %end;
    .thread T_24;
# The file index is used to find the file name in the following table.
:file_names 13;
    "N/A";
    "<interactive>";
    "-";
    "Testbench\pain_classification_system_top_tb.v";
    "RTL\pain_classification_system_top.v";
    "RTL\moving_average_filter.v";
    "RTL\power.v";
    "RTL\feature_vector_generator.v";
    "RTL\pain_classification_engine.v";
    "RTL\feature_threshold_comparator.v";
    "RTL\pain_classification_logic.v";
    "RTL\pain_classifier_fsm.v";
    "RTL\synthetic_signal_generator.v";
